Archive member included because of file (symbol)

/Users/av/Library/Application Support/Pebble SDK/SDKs/current/sdk-core/pebble/chalk/lib/libpebble.a(tmpu95pZ4pebble.o)
                              src/simply/simply_accel.c.27.o (accel_data_service_unsubscribe)
/usr/local/Cellar/pebble-toolchain/2.0/arm-cs-tools/bin/../lib/gcc/arm-none-eabi/4.7.2/thumb2/libgcc.a(_aeabi_ldivmod.o)
                              src/simply/simply_menu.c.27.o (__aeabi_ldivmod)
/usr/local/Cellar/pebble-toolchain/2.0/arm-cs-tools/bin/../lib/gcc/arm-none-eabi/4.7.2/thumb2/libgcc.a(bpabi.o)
                              /usr/local/Cellar/pebble-toolchain/2.0/arm-cs-tools/bin/../lib/gcc/arm-none-eabi/4.7.2/thumb2/libgcc.a(_aeabi_ldivmod.o) (__gnu_ldivmod_helper)
/usr/local/Cellar/pebble-toolchain/2.0/arm-cs-tools/bin/../lib/gcc/arm-none-eabi/4.7.2/thumb2/libgcc.a(_dvmd_tls.o)
                              /usr/local/Cellar/pebble-toolchain/2.0/arm-cs-tools/bin/../lib/gcc/arm-none-eabi/4.7.2/thumb2/libgcc.a(_aeabi_ldivmod.o) (__aeabi_ldiv0)
/usr/local/Cellar/pebble-toolchain/2.0/arm-cs-tools/bin/../lib/gcc/arm-none-eabi/4.7.2/thumb2/libgcc.a(_divdi3.o)
                              /usr/local/Cellar/pebble-toolchain/2.0/arm-cs-tools/bin/../lib/gcc/arm-none-eabi/4.7.2/thumb2/libgcc.a(bpabi.o) (__divdi3)
/usr/local/Cellar/pebble-toolchain/2.0/arm-cs-tools/bin/../lib/gcc/arm-none-eabi/4.7.2/thumb2/libgcc.a(_udivdi3.o)
                              /usr/local/Cellar/pebble-toolchain/2.0/arm-cs-tools/bin/../lib/gcc/arm-none-eabi/4.7.2/thumb2/libgcc.a(bpabi.o) (__udivdi3)
/usr/local/Cellar/pebble-toolchain/2.0/arm-cs-tools/bin/../lib/gcc/arm-none-eabi/4.7.2/thumb2/libgcc.a(_udivsi3.o)
                              /usr/local/Cellar/pebble-toolchain/2.0/arm-cs-tools/bin/../lib/gcc/arm-none-eabi/4.7.2/thumb2/libgcc.a(_divdi3.o) (__aeabi_uidiv)

Discarded input sections

 .text          0x0000000000000000        0x0 /usr/local/Cellar/pebble-toolchain/2.0/arm-cs-tools/bin/../lib/gcc/arm-none-eabi/4.7.2/thumb2/crti.o
 .bss           0x0000000000000000        0x0 /usr/local/Cellar/pebble-toolchain/2.0/arm-cs-tools/bin/../lib/gcc/arm-none-eabi/4.7.2/thumb2/crti.o
 .init          0x0000000000000000        0x4 /usr/local/Cellar/pebble-toolchain/2.0/arm-cs-tools/bin/../lib/gcc/arm-none-eabi/4.7.2/thumb2/crti.o
 .fini          0x0000000000000000        0x4 /usr/local/Cellar/pebble-toolchain/2.0/arm-cs-tools/bin/../lib/gcc/arm-none-eabi/4.7.2/thumb2/crti.o
 .text          0x0000000000000000       0xc8 /usr/local/Cellar/pebble-toolchain/2.0/arm-cs-tools/bin/../lib/gcc/arm-none-eabi/4.7.2/thumb2/crtbegin.o
 .bss           0x0000000000000000       0x1c /usr/local/Cellar/pebble-toolchain/2.0/arm-cs-tools/bin/../lib/gcc/arm-none-eabi/4.7.2/thumb2/crtbegin.o
 .init_array    0x0000000000000000        0x4 /usr/local/Cellar/pebble-toolchain/2.0/arm-cs-tools/bin/../lib/gcc/arm-none-eabi/4.7.2/thumb2/crtbegin.o
 .fini_array    0x0000000000000000        0x4 /usr/local/Cellar/pebble-toolchain/2.0/arm-cs-tools/bin/../lib/gcc/arm-none-eabi/4.7.2/thumb2/crtbegin.o
 .eh_frame      0x0000000000000000        0x0 /usr/local/Cellar/pebble-toolchain/2.0/arm-cs-tools/bin/../lib/gcc/arm-none-eabi/4.7.2/thumb2/crtbegin.o
 .jcr           0x0000000000000000        0x0 /usr/local/Cellar/pebble-toolchain/2.0/arm-cs-tools/bin/../lib/gcc/arm-none-eabi/4.7.2/thumb2/crtbegin.o
 .tm_clone_table
                0x0000000000000000        0x0 /usr/local/Cellar/pebble-toolchain/2.0/arm-cs-tools/bin/../lib/gcc/arm-none-eabi/4.7.2/thumb2/crtbegin.o
 .text          0x0000000000000000        0x0 src/main.c.27.o
 .bss           0x0000000000000000        0x0 src/main.c.27.o
 .text          0x0000000000000000        0x0 src/simply/simply.c.27.o
 .bss           0x0000000000000000        0x0 src/simply/simply.c.27.o
 .text          0x0000000000000000        0x0 src/simply/simply_accel.c.27.o
 .bss           0x0000000000000000        0x0 src/simply/simply_accel.c.27.o
 .text          0x0000000000000000        0x0 src/simply/simply_menu.c.27.o
 .bss           0x0000000000000000        0x0 src/simply/simply_menu.c.27.o
 .text          0x0000000000000000        0x0 src/simply/simply_msg.c.27.o
 .bss           0x0000000000000000        0x0 src/simply/simply_msg.c.27.o
 .text          0x0000000000000000        0x0 src/simply/simply_res.c.27.o
 .bss           0x0000000000000000        0x0 src/simply/simply_res.c.27.o
 .text.id_filter
                0x0000000000000000        0xa src/simply/simply_res.c.27.o
 .text.simply_res_remove_image
                0x0000000000000000       0x18 src/simply/simply_res.c.27.o
 .text          0x0000000000000000        0x0 src/simply/simply_splash.c.27.o
 .bss           0x0000000000000000        0x0 src/simply/simply_splash.c.27.o
 .text          0x0000000000000000        0x0 src/simply/simply_stage.c.27.o
 .bss           0x0000000000000000        0x0 src/simply/simply_stage.c.27.o
 .text.id_filter
[...]
Memory Configuration

Name             Origin             Length             Attributes
APP              0x0000000000000000 0x0000000000010000 xrw
*default*        0x0000000000000000 0xffffffffffffffff

Linker script and memory map

LOAD /usr/local/Cellar/pebble-toolchain/2.0/arm-cs-tools/bin/../lib/gcc/arm-none-eabi/4.7.2/thumb2/crti.o
LOAD /usr/local/Cellar/pebble-toolchain/2.0/arm-cs-tools/bin/../lib/gcc/arm-none-eabi/4.7.2/thumb2/crtbegin.o
LOAD src/main.c.28.o
LOAD src/simply/simply.c.28.o
LOAD src/simply/simply_accel.c.28.o
LOAD src/simply/simply_menu.c.28.o
LOAD src/simply/simply_msg.c.28.o
LOAD src/simply/simply_res.c.28.o
LOAD src/simply/simply_splash.c.28.o
LOAD src/simply/simply_stage.c.28.o
LOAD src/simply/simply_ui.c.28.o
LOAD src/simply/simply_voice.c.28.o
LOAD src/simply/simply_wakeup.c.28.o
LOAD src/simply/simply_window.c.28.o
LOAD src/simply/simply_window_stack.c.28.o
LOAD basalt/appinfo.auto.c.28.o
LOAD basalt/src/resource_ids.auto.c.28.o
LOAD /Users/av/Library/Application Support/Pebble SDK/SDKs/current/sdk-core/pebble/basalt/lib/libpebble.a
START GROUP
LOAD /usr/local/Cellar/pebble-toolchain/2.0/arm-cs-tools/bin/../lib/gcc/arm-none-eabi/4.7.2/thumb2/libgcc.a
LOAD /usr/local/Cellar/pebble-toolchain/2.0/arm-cs-tools/bin/../lib/gcc/arm-none-eabi/4.7.2/../../../../arm-none-eabi/lib/thumb2/libc.a
END GROUP
LOAD /usr/local/Cellar/pebble-toolchain/2.0/arm-cs-tools/bin/../lib/gcc/arm-none-eabi/4.7.2/thumb2/crtend.o
LOAD /usr/local/Cellar/pebble-toolchain/2.0/arm-cs-tools/bin/../lib/gcc/arm-none-eabi/4.7.2/thumb2/crtn.o

.header         0x0000000000000000       0x82
 *(.pbl_header)
 .pbl_header    0x0000000000000000       0x82 basalt/appinfo.auto.c.28.o
                0x0000000000000000                __pbl_app_info

.note.gnu.build-id
                0x0000000000000082       0x26
                0x0000000000000082                PROVIDE (BUILD_ID, .)
 *(.note.gnu.build-id)
 *fill*         0x0000000000000082        0x2 
 .note.gnu.build-id
                0x0000000000000084       0x24 linker stubs

.text           0x00000000000000a8     0x4397
 *(.text)
 .text          0x00000000000000a8       0x14 /Users/av/Library/Application Support/Pebble SDK/SDKs/current/sdk-core/pebble/basalt/lib/libpebble.a(tmpZXz4MEpebble.o)
 .text          0x00000000000000bc       0x38 /usr/local/Cellar/pebble-toolchain/2.0/arm-cs-tools/bin/../lib/gcc/arm-none-eabi/4.7.2/thumb2/libgcc.a(_aeabi_ldivmod.o)
                0x00000000000000bc                __aeabi_ldivmod
 .text          0x00000000000000f4       0x60 /usr/local/Cellar/pebble-toolchain/2.0/arm-cs-tools/bin/../lib/gcc/arm-none-eabi/4.7.2/thumb2/libgcc.a(bpabi.o)
                0x00000000000000f4                __gnu_ldivmod_helper
                0x0000000000000124                __gnu_uldivmod_helper
 .text          0x0000000000000154        0x4 /usr/local/Cellar/pebble-toolchain/2.0/arm-cs-tools/bin/../lib/gcc/arm-none-eabi/4.7.2/thumb2/libgcc.a(_dvmd_tls.o)
                0x0000000000000154                __aeabi_ldiv0
                0x0000000000000154                __aeabi_idiv0
 .text          0x0000000000000158      0x36c /usr/local/Cellar/pebble-toolchain/2.0/arm-cs-tools/bin/../lib/gcc/arm-none-eabi/4.7.2/thumb2/libgcc.a(_divdi3.o)
                0x0000000000000158                __divdi3
 .text          0x00000000000004c4      0x314 /usr/local/Cellar/pebble-toolchain/2.0/arm-cs-tools/bin/../lib/gcc/arm-none-eabi/4.7.2/thumb2/libgcc.a(_udivdi3.o)
                0x00000000000004c4                __udivdi3
 .text          0x00000000000007d8      0x278 /usr/local/Cellar/pebble-toolchain/2.0/arm-cs-tools/bin/../lib/gcc/arm-none-eabi/4.7.2/thumb2/libgcc.a(_udivsi3.o)
                0x00000000000007d8                __udivsi3
                0x00000000000007d8                __aeabi_uidiv
                0x0000000000000a34                __aeabi_uidivmod
 *(.text.*)
 .text.startup.main
                0x0000000000000a50       0x16 src/main.c.28.o
                0x0000000000000a50                main
 .text.simply_init
                0x0000000000000a66       0x64 src/simply/simply.c.28.o
                0x0000000000000a66                simply_init
 .text.simply_deinit
                0x0000000000000aca       0x3e src/simply/simply.c.28.o
                0x0000000000000aca                simply_deinit
 .text.handle_accel_tap
                0x0000000000000b08       0x1e src/simply/simply_accel.c.28.o
 .text.send_accel_data.isra.1
                0x0000000000000b26       0x4a src/simply/simply_accel.c.28.o
 .text.handle_accel_data
                0x0000000000000b70        0x6 src/simply/simply_accel.c.28.o
 *fill*         0x0000000000000b76        0x2 
 .text.accel_peek_timer_callback
                0x0000000000000b78       0x40 src/simply/simply_accel.c.28.o
 .text.simply_accel_handle_packet
                0x0000000000000bb8       0x6c src/simply/simply_accel.c.28.o
                0x0000000000000bb8                simply_accel_handle_packet
 .text.simply_accel_create
                0x0000000000000c24       0x38 src/simply/simply_accel.c.28.o
                0x0000000000000c24                simply_accel_create
 .text.simply_accel_destroy
                0x0000000000000c5c       0x20 src/simply/simply_accel.c.28.o
                0x0000000000000c5c                simply_accel_destroy
 .text.list1_remove
                0x0000000000000c7c       0x32 src/simply/simply_menu.c.28.o
 .text.prv_section_filter
                0x0000000000000cae        0xc src/simply/simply_menu.c.28.o
 .text.prv_item_filter
                0x0000000000000cba       0x1a src/simply/simply_menu.c.28.o
 .text.prv_request_item_filter
                0x0000000000000cd4        0xc src/simply/simply_menu.c.28.o
 .text.prv_menu_get_num_sections_callback
                0x0000000000000ce0        0x4 src/simply/simply_menu.c.28.o
 .text.prv_free_title
                0x0000000000000ce4       0x20 src/simply/simply_menu.c.28.o
 .text.prv_destroy_section
                0x0000000000000d04       0x20 src/simply/simply_menu.c.28.o
 .text.prv_destroy_item
                0x0000000000000d24       0x28 src/simply/simply_menu.c.28.o
 .text.prv_menu_window_unload
                0x0000000000000d4c       0x1c src/simply/simply_menu.c.28.o
 .text.prv_reload_data
                0x0000000000000d68        0xa src/simply/simply_menu.c.28.o
 .text.simply_menu_clear
                0x0000000000000d72       0x28 src/simply/simply_menu.c.28.o
 .text.prv_menu_window_disappear
                0x0000000000000d9a       0x22 src/simply/simply_menu.c.28.o
 .text.prv_menu_window_appear
                0x0000000000000dbc        0xe src/simply/simply_menu.c.28.o
 .text.prv_single_click_handler
                0x0000000000000dca       0x1a src/simply/simply_menu.c.28.o
 .text.gpoint_polar
                0x0000000000000de4       0x34 src/simply/simply_menu.c.28.o
 .text.prv_mark_dirty
                0x0000000000000e18       0x14 src/simply/simply_menu.c.28.o
 .text.strdup2  0x0000000000000e2c       0x44 src/simply/simply_menu.c.28.o
 .text.prv_menu_window_load
                0x0000000000000e70       0xf0 src/simply/simply_menu.c.28.o
 .text.list1_find_prev.constprop.8
                0x0000000000000f60       0x1c src/simply/simply_menu.c.28.o
 .text.refresh_spinner_timer
                0x0000000000000f7c       0x2c src/simply/simply_menu.c.28.o
 .text.spinner_timer_callback
                0x0000000000000fa8       0x16 src/simply/simply_menu.c.28.o
 *fill*         0x0000000000000fbe        0x2 
 .text.prv_click_config_provider
                0x0000000000000fc0       0x24 src/simply/simply_menu.c.28.o
 .text.prv_add_item
                0x0000000000000fe4       0x58 src/simply/simply_menu.c.28.o
 .text.prv_get_menu_section
                0x000000000000103c       0x10 src/simply/simply_menu.c.28.o
 .text.prv_menu_get_num_rows_callback
                0x000000000000104c       0x12 src/simply/simply_menu.c.28.o
 *fill*         0x000000000000105e        0x2 
 .text.prv_menu_get_header_height_callback
                0x0000000000001060       0x24 src/simply/simply_menu.c.28.o
 .text.prv_menu_select_long_click_callback
                0x0000000000001084       0x22 src/simply/simply_menu.c.28.o
 .text.prv_menu_select_click_callback
                0x00000000000010a6       0x22 src/simply/simply_menu.c.28.o
 .text.prv_add_section
                0x00000000000010c8       0x50 src/simply/simply_menu.c.28.o
 .text.prv_request_menu_section.part.2
                0x0000000000001118       0x3e src/simply/simply_menu.c.28.o
 *fill*         0x0000000000001156        0x2 
 .text.prv_menu_draw_row_callback
                0x0000000000001158      0x274 src/simply/simply_menu.c.28.o
 .text.prv_menu_draw_header_callback
                0x00000000000013cc       0xc4 src/simply/simply_menu.c.28.o
 .text.simply_menu_handle_packet
                0x0000000000001490      0x1ec src/simply/simply_menu.c.28.o
                0x0000000000001490                simply_menu_handle_packet
 .text.simply_menu_create
                0x000000000000167c       0x3c src/simply/simply_menu.c.28.o
                0x000000000000167c                simply_menu_create
 .text.simply_menu_destroy
                0x00000000000016b8       0x16 src/simply/simply_menu.c.28.o
                0x00000000000016b8                simply_menu_destroy
 .text.list1_remove
                0x00000000000016ce       0x32 src/simply/simply_msg.c.28.o
 .text.dropped_callback
                0x0000000000001700        0x2 src/simply/simply_msg.c.28.o
 .text.sent_callback
                0x0000000000001702        0x2 src/simply/simply_msg.c.28.o
 .text.send_msg
                0x0000000000001704       0x30 src/simply/simply_msg.c.28.o
 .text.handle_packet
                0x0000000000001734      0x19a src/simply/simply_msg.c.28.o
 *fill*         0x00000000000018ce        0x2 
 .text.received_callback
                0x00000000000018d0       0x38 src/simply/simply_msg.c.28.o
 .text.send_msg_retry
                0x0000000000001908       0xb8 src/simply/simply_msg.c.28.o
 .text.simply_msg_has_communicated
                0x00000000000019c0        0xc src/simply/simply_msg.c.28.o
                0x00000000000019c0                simply_msg_has_communicated
 .text.simply_msg_show_disconnected
                0x00000000000019cc       0x58 src/simply/simply_msg.c.28.o
                0x00000000000019cc                simply_msg_show_disconnected
 .text.failed_callback
                0x0000000000001a24       0x18 src/simply/simply_msg.c.28.o
 .text.simply_msg_create
                0x0000000000001a3c       0x6c src/simply/simply_msg.c.28.o
                0x0000000000001a3c                simply_msg_create
 .text.simply_msg_destroy
                0x0000000000001aa8       0x1c src/simply/simply_msg.c.28.o
                0x0000000000001aa8                simply_msg_destroy
 .text.simply_msg_send
                0x0000000000001ac4        0x4 src/simply/simply_msg.c.28.o
                0x0000000000001ac4                simply_msg_send
 .text.simply_msg_send_packet
                0x0000000000001ac8       0x84 src/simply/simply_msg.c.28.o
                0x0000000000001ac8                simply_msg_send_packet
 .text.list1_remove
                0x0000000000001b4c       0x32 src/simply/simply_res.c.28.o
 .text.destroy_image
                0x0000000000001b7e       0x22 src/simply/simply_res.c.28.o
 .text.malloc0  0x0000000000001ba0       0x18 src/simply/simply_res.c.28.o
 .text.window_stack_schedule_top_window_render
                0x0000000000001bb8       0x12 src/simply/simply_res.c.28.o
 .text.setup_image
                0x0000000000001bca       0x64 src/simply/simply_res.c.28.o
 .text.create_bitmap_with_png_data
                0x0000000000001c2e        0xc src/simply/simply_res.c.28.o
 .text.create_bitmap_with_id
                0x0000000000001c3a       0x12 src/simply/simply_res.c.28.o
 .text.simply_res_evict_image
                0x0000000000001c4c       0x1a src/simply/simply_res.c.28.o
                0x0000000000001c4c                simply_res_evict_image
 .text.create_image
                0x0000000000001c66       0x48 src/simply/simply_res.c.28.o
 *fill*         0x0000000000001cae        0x2 
 .text.simply_res_add_bundled_image
                0x0000000000001cb0       0x28 src/simply/simply_res.c.28.o
                0x0000000000001cb0                simply_res_add_bundled_image
 .text.simply_res_add_image
                0x0000000000001cd8       0x64 src/simply/simply_res.c.28.o
                0x0000000000001cd8                simply_res_add_image
 .text.simply_res_auto_image
                0x0000000000001d3c       0x42 src/simply/simply_res.c.28.o
                0x0000000000001d3c                simply_res_auto_image
 .text.simply_res_add_custom_font
                0x0000000000001d7e       0x40 src/simply/simply_res.c.28.o
                0x0000000000001d7e                simply_res_add_custom_font
 .text.simply_res_auto_font
                0x0000000000001dbe       0x2a src/simply/simply_res.c.28.o
                0x0000000000001dbe                simply_res_auto_font
 .text.simply_res_clear
                0x0000000000001de8       0x34 src/simply/simply_res.c.28.o
                0x0000000000001de8                simply_res_clear
 .text.simply_res_create
                0x0000000000001e1c       0x2a src/simply/simply_res.c.28.o
                0x0000000000001e1c                simply_res_create
 .text.simply_res_destroy
                0x0000000000001e46       0x12 src/simply/simply_res.c.28.o
                0x0000000000001e46                simply_res_destroy
 .text.window_load
                0x0000000000001e58       0x12 src/simply/simply_splash.c.28.o
 .text.layer_update_callback
                0x0000000000001e6a       0x24 src/simply/simply_splash.c.28.o
                0x0000000000001e6a                layer_update_callback
 *fill*         0x0000000000001e8e        0x2 
 .text.simply_splash_create
                0x0000000000001e90       0x78 src/simply/simply_splash.c.28.o
                0x0000000000001e90                simply_splash_create
 .text.simply_splash_destroy
                0x0000000000001f08       0x20 src/simply/simply_splash.c.28.o
                0x0000000000001f08                simply_splash_destroy
 .text.window_disappear
                0x0000000000001f28       0x1a src/simply/simply_splash.c.28.o
 .text.list1_remove
                0x0000000000001f42       0x32 src/simply/simply_stage.c.28.o
 .text.element_frame_getter
                0x0000000000001f74       0x10 src/simply/simply_stage.c.28.o
 .text.window_unload
                0x0000000000001f84       0x1e src/simply/simply_stage.c.28.o
 .text.destroy_animation
                0x0000000000001fa2       0x24 src/simply/simply_stage.c.28.o
 *fill*         0x0000000000001fc6        0x2 
 .text.simply_stage_update_ticker
                0x0000000000001fc8       0x2c src/simply/simply_stage.c.28.o
 .text.simply_stage_clear
                0x0000000000001ff4       0x52 src/simply/simply_stage.c.28.o
 .text.window_disappear
                0x0000000000002046       0x22 src/simply/simply_stage.c.28.o
 .text.handle_tick
                0x0000000000002068       0x12 src/simply/simply_stage.c.28.o
 .text.simply_stage_update
                0x000000000000207a        0xa src/simply/simply_stage.c.28.o
 .text.window_appear
                0x0000000000002084       0x16 src/simply/simply_stage.c.28.o
 *fill*         0x000000000000209a        0x2 
 .text.window_load
                0x000000000000209c       0x60 src/simply/simply_stage.c.28.o
 .text.simply_stage_remove_element
                0x00000000000020fc       0x24 src/simply/simply_stage.c.28.o
 .text.simply_stage_set_element_frame.isra.12
                0x0000000000002120       0x38 src/simply/simply_stage.c.28.o
 .text.element_frame_setter
                0x0000000000002158       0x1e src/simply/simply_stage.c.28.o
 .text.prv_draw_line_polar.constprop.15
                0x0000000000002176       0x46 src/simply/simply_stage.c.28.o
 .text.rect_element_draw.isra.6
                0x00000000000021bc       0x3c src/simply/simply_stage.c.28.o
 .text.layer_update_callback
                0x00000000000021f8      0x390 src/simply/simply_stage.c.28.o
 .text.simply_stage_auto_element
                0x0000000000002588       0x84 src/simply/simply_stage.c.28.o
 .text.animation_stopped
                0x000000000000260c       0x34 src/simply/simply_stage.c.28.o
 .text.simply_stage_handle_packet
                0x0000000000002640      0x2e8 src/simply/simply_stage.c.28.o
                0x0000000000002640                simply_stage_handle_packet
 .text.simply_stage_create
                0x0000000000002928       0x38 src/simply/simply_stage.c.28.o
                0x0000000000002928                simply_stage_create
 .text.simply_stage_destroy
                0x0000000000002960       0x16 src/simply/simply_stage.c.28.o
                0x0000000000002960                simply_stage_destroy
 .text.is_string
                0x0000000000002976       0x10 src/simply/simply_ui.c.28.o
 .text.window_unload
                0x0000000000002986       0x1e src/simply/simply_ui.c.28.o
 .text.window_disappear
                0x00000000000029a4       0x1c src/simply/simply_ui.c.28.o
 .text.window_appear
                0x00000000000029c0        0xe src/simply/simply_ui.c.28.o
 .text.graphics_draw_bitmap_centered
                0x00000000000029ce       0x62 src/simply/simply_ui.c.28.o
 .text.mark_dirty
                0x0000000000002a30        0xa src/simply/simply_ui.c.28.o
 .text.show_welcome_text
                0x0000000000002a3a       0x18 src/simply/simply_ui.c.28.o
 *fill*         0x0000000000002a52        0x2 
 .text.layer_update_callback
                0x0000000000002a54      0x504 src/simply/simply_ui.c.28.o
 .text.simply_ui_set_style
                0x0000000000002f58       0x3c src/simply/simply_ui.c.28.o
                0x0000000000002f58                simply_ui_set_style
 .text.window_load
                0x0000000000002f94       0x6c src/simply/simply_ui.c.28.o
 .text.simply_ui_set_text
                0x0000000000003000       0x74 src/simply/simply_ui.c.28.o
                0x0000000000003000                simply_ui_set_text
 .text.simply_ui_set_text_color
                0x0000000000003074        0xc src/simply/simply_ui.c.28.o
                0x0000000000003074                simply_ui_set_text_color
 .text.simply_ui_clear
                0x0000000000003080       0x56 src/simply/simply_ui.c.28.o
                0x0000000000003080                simply_ui_clear
 .text.simply_ui_handle_packet
                0x00000000000030d6       0x70 src/simply/simply_ui.c.28.o
                0x00000000000030d6                simply_ui_handle_packet
 *fill*         0x0000000000003146        0x2 
 .text.simply_ui_create
                0x0000000000003148       0x48 src/simply/simply_ui.c.28.o
                0x0000000000003148                simply_ui_create
 .text.simply_ui_destroy
                0x0000000000003190       0x2a src/simply/simply_ui.c.28.o
                0x0000000000003190                simply_ui_destroy
 *fill*         0x00000000000031ba        0x2 
 .text.send_voice_data
                0x00000000000031bc       0x5c src/simply/simply_voice.c.28.o
 .text.dictation_session_callback
                0x0000000000003218       0x18 src/simply/simply_voice.c.28.o
 .text.timer_callback_start_dictation
                0x0000000000003230       0x10 src/simply/simply_voice.c.28.o
 .text.simply_voice_handle_packet
                0x0000000000003240       0x6c src/simply/simply_voice.c.28.o
                0x0000000000003240                simply_voice_handle_packet
 .text.simply_voice_create
                0x00000000000032ac       0x3c src/simply/simply_voice.c.28.o
                0x00000000000032ac                simply_voice_create
 .text.simply_voice_destroy
                0x00000000000032e8       0x18 src/simply/simply_voice.c.28.o
                0x00000000000032e8                simply_voice_destroy
 .text.simply_voice_dictation_in_progress
                0x0000000000003300       0x10 src/simply/simply_voice.c.28.o
                0x0000000000003300                simply_voice_dictation_in_progress
 .text.wakeup_handler
                0x0000000000003310       0x1c src/simply/simply_wakeup.c.28.o
 .text.wakeup_set_timer_callback
                0x000000000000332c       0x20 src/simply/simply_wakeup.c.28.o
 .text.simply_wakeup_handle_packet
                0x000000000000334c       0xac src/simply/simply_wakeup.c.28.o
                0x000000000000334c                simply_wakeup_handle_packet
 .text.simply_wakeup_init
                0x00000000000033f8        0xc src/simply/simply_wakeup.c.28.o
                0x00000000000033f8                simply_wakeup_init
 .text.prv_update_layer_placement
                0x0000000000003404       0x9e src/simply/simply_window.c.28.o
 .text.simply_window_single_click_handler
                0x00000000000034a2       0x5c src/simply/simply_window.c.28.o
                0x00000000000034a2                simply_window_single_click_handler
 *fill*         0x00000000000034fe        0x2 
 .text.scroll_layer_set_click_config_provider_onto_window.constprop.5
                0x0000000000003500       0x30 src/simply/simply_window.c.28.o
 .text.click_config_provider
                0x0000000000003530       0x7c src/simply/simply_window.c.28.o
 .text.long_click_handler
                0x00000000000035ac       0x32 src/simply/simply_window.c.28.o
 .text.simply_window_set_scrollable
                0x00000000000035de       0x68 src/simply/simply_window.c.28.o
                0x00000000000035de                simply_window_set_scrollable
 .text.simply_window_set_status_bar
                0x0000000000003646       0x46 src/simply/simply_window.c.28.o
                0x0000000000003646                simply_window_set_status_bar
 .text.simply_window_set_background_color
                0x000000000000368c        0xe src/simply/simply_window.c.28.o
                0x000000000000368c                simply_window_set_background_color
 .text.simply_window_set_status_bar_colors
                0x000000000000369a        0xa src/simply/simply_window.c.28.o
                0x000000000000369a                simply_window_set_status_bar_colors
 .text.simply_window_set_status_bar_separator_mode
                0x00000000000036a4        0xa src/simply/simply_window.c.28.o
                0x00000000000036a4                simply_window_set_status_bar_separator_mode
 *fill*         0x00000000000036ae        0x2 
 .text.simply_window_set_action_bar
                0x00000000000036b0       0x54 src/simply/simply_window.c.28.o
                0x00000000000036b0                simply_window_set_action_bar
 .text.simply_window_set_action_bar_icon
                0x0000000000003704       0x58 src/simply/simply_window.c.28.o
                0x0000000000003704                simply_window_set_action_bar_icon
 .text.simply_window_set_action_bar_background_color
                0x000000000000375c       0x38 src/simply/simply_window.c.28.o
                0x000000000000375c                simply_window_set_action_bar_background_color
 .text.simply_window_action_bar_clear
                0x0000000000003794       0x2c src/simply/simply_window.c.28.o
                0x0000000000003794                simply_window_action_bar_clear
 .text.simply_window_preload
                0x00000000000037c0       0x30 src/simply/simply_window.c.28.o
                0x00000000000037c0                simply_window_preload
 .text.simply_window_load
                0x00000000000037f0       0x9c src/simply/simply_window.c.28.o
                0x00000000000037f0                simply_window_load
 .text.simply_window_appear
                0x000000000000388c       0x1c src/simply/simply_window.c.28.o
                0x000000000000388c                simply_window_appear
 .text.simply_window_disappear
                0x00000000000038a8       0x30 src/simply/simply_window.c.28.o
                0x00000000000038a8                simply_window_disappear
 .text.simply_window_unload
                0x00000000000038d8       0x32 src/simply/simply_window.c.28.o
                0x00000000000038d8                simply_window_unload
 .text.simply_window_handle_packet
                0x000000000000390a       0xc0 src/simply/simply_window.c.28.o
                0x000000000000390a                simply_window_handle_packet
 .text.simply_window_init
                0x00000000000039ca       0x26 src/simply/simply_window.c.28.o
                0x00000000000039ca                simply_window_init
 .text.simply_window_deinit
                0x00000000000039f0       0x12 src/simply/simply_window.c.28.o
                0x00000000000039f0                simply_window_deinit
 .text.show_window_sdk_3.isra.4
                0x0000000000003a02       0x52 src/simply/simply_window_stack.c.28.o
 .text.simply_window_stack_set_broadcast
                0x0000000000003a54       0x10 src/simply/simply_window_stack.c.28.o
                0x0000000000003a54                simply_window_stack_set_broadcast
 .text.simply_window_stack_get_top_window
                0x0000000000003a64       0x20 src/simply/simply_window_stack.c.28.o
                0x0000000000003a64                simply_window_stack_get_top_window
 .text.simply_window_stack_show
                0x0000000000003a84        0x4 src/simply/simply_window_stack.c.28.o
                0x0000000000003a84                simply_window_stack_show
 .text.simply_window_stack_pop
                0x0000000000003a88       0x26 src/simply/simply_window_stack.c.28.o
                0x0000000000003a88                simply_window_stack_pop
 *fill*         0x0000000000003aae        0x2 
 .text.simply_window_stack_send_show
                0x0000000000003ab0       0x30 src/simply/simply_window_stack.c.28.o
                0x0000000000003ab0                simply_window_stack_send_show
 .text.simply_window_stack_send_hide
                0x0000000000003ae0       0x30 src/simply/simply_window_stack.c.28.o
                0x0000000000003ae0                simply_window_stack_send_hide
 .text.simply_window_stack_back
                0x0000000000003b10       0x1a src/simply/simply_window_stack.c.28.o
                0x0000000000003b10                simply_window_stack_back
 .text.simply_window_stack_handle_packet
                0x0000000000003b2a       0x4a src/simply/simply_window_stack.c.28.o
                0x0000000000003b2a                simply_window_stack_handle_packet
 .text.simply_window_stack_create
                0x0000000000003b74       0x12 src/simply/simply_window_stack.c.28.o
                0x0000000000003b74                simply_window_stack_create
 .text.simply_window_stack_destroy
                0x0000000000003b86        0x8 src/simply/simply_window_stack.c.28.o
                0x0000000000003b86                simply_window_stack_destroy
 *fill*         0x0000000000003b8e        0x2 
 .text.accel_data_service_unsubscribe
                0x0000000000003b90        0xc /Users/av/Library/Application Support/Pebble SDK/SDKs/current/sdk-core/pebble/basalt/lib/libpebble.a(tmpZXz4MEpebble.o)
                0x0000000000003b90                accel_data_service_unsubscribe
 .text.accel_service_peek
                0x0000000000003b9c        0xc /Users/av/Library/Application Support/Pebble SDK/SDKs/current/sdk-core/pebble/basalt/lib/libpebble.a(tmpZXz4MEpebble.o)
                0x0000000000003b9c                accel_service_peek
 .text.accel_service_set_sampling_rate
                0x0000000000003ba8        0xc /Users/av/Library/Application Support/Pebble SDK/SDKs/current/sdk-core/pebble/basalt/lib/libpebble.a(tmpZXz4MEpebble.o)
                0x0000000000003ba8                accel_service_set_sampling_rate
 .text.accel_tap_service_subscribe
                0x0000000000003bb4        0xc /Users/av/Library/Application Support/Pebble SDK/SDKs/current/sdk-core/pebble/basalt/lib/libpebble.a(tmpZXz4MEpebble.o)
                0x0000000000003bb4                accel_tap_service_subscribe
 .text.accel_tap_service_unsubscribe
                0x0000000000003bc0        0xc /Users/av/Library/Application Support/Pebble SDK/SDKs/current/sdk-core/pebble/basalt/lib/libpebble.a(tmpZXz4MEpebble.o)
                0x0000000000003bc0                accel_tap_service_unsubscribe
 .text.app_event_loop
                0x0000000000003bcc        0xc /Users/av/Library/Application Support/Pebble SDK/SDKs/current/sdk-core/pebble/basalt/lib/libpebble.a(tmpZXz4MEpebble.o)
                0x0000000000003bcc                app_event_loop
 .text.app_message_deregister_callbacks
                0x0000000000003bd8        0xc /Users/av/Library/Application Support/Pebble SDK/SDKs/current/sdk-core/pebble/basalt/lib/libpebble.a(tmpZXz4MEpebble.o)
                0x0000000000003bd8                app_message_deregister_callbacks
 .text.app_message_open
                0x0000000000003be4        0xc /Users/av/Library/Application Support/Pebble SDK/SDKs/current/sdk-core/pebble/basalt/lib/libpebble.a(tmpZXz4MEpebble.o)
                0x0000000000003be4                app_message_open
 .text.app_timer_cancel
                0x0000000000003bf0        0xc /Users/av/Library/Application Support/Pebble SDK/SDKs/current/sdk-core/pebble/basalt/lib/libpebble.a(tmpZXz4MEpebble.o)
                0x0000000000003bf0                app_timer_cancel
 .text.app_timer_register
                0x0000000000003bfc        0xc /Users/av/Library/Application Support/Pebble SDK/SDKs/current/sdk-core/pebble/basalt/lib/libpebble.a(tmpZXz4MEpebble.o)
                0x0000000000003bfc                app_timer_register
 .text.click_recognizer_get_button_id
                0x0000000000003c08        0xc /Users/av/Library/Application Support/Pebble SDK/SDKs/current/sdk-core/pebble/basalt/lib/libpebble.a(tmpZXz4MEpebble.o)
                0x0000000000003c08                click_recognizer_get_button_id
 .text.cos_lookup
                0x0000000000003c14        0xc /Users/av/Library/Application Support/Pebble SDK/SDKs/current/sdk-core/pebble/basalt/lib/libpebble.a(tmpZXz4MEpebble.o)
                0x0000000000003c14                cos_lookup
 .text.dict_find
                0x0000000000003c20        0xc /Users/av/Library/Application Support/Pebble SDK/SDKs/current/sdk-core/pebble/basalt/lib/libpebble.a(tmpZXz4MEpebble.o)
                0x0000000000003c20                dict_find
 .text.dict_write_data
                0x0000000000003c2c        0xc /Users/av/Library/Application Support/Pebble SDK/SDKs/current/sdk-core/pebble/basalt/lib/libpebble.a(tmpZXz4MEpebble.o)
                0x0000000000003c2c                dict_write_data
 .text.fonts_get_system_font
                0x0000000000003c38        0xc /Users/av/Library/Application Support/Pebble SDK/SDKs/current/sdk-core/pebble/basalt/lib/libpebble.a(tmpZXz4MEpebble.o)
                0x0000000000003c38                fonts_get_system_font
 .text.fonts_load_custom_font
                0x0000000000003c44        0xc /Users/av/Library/Application Support/Pebble SDK/SDKs/current/sdk-core/pebble/basalt/lib/libpebble.a(tmpZXz4MEpebble.o)
                0x0000000000003c44                fonts_load_custom_font
 .text.fonts_unload_custom_font
                0x0000000000003c50        0xc /Users/av/Library/Application Support/Pebble SDK/SDKs/current/sdk-core/pebble/basalt/lib/libpebble.a(tmpZXz4MEpebble.o)
                0x0000000000003c50                fonts_unload_custom_font
 .text.free     0x0000000000003c5c        0xc /Users/av/Library/Application Support/Pebble SDK/SDKs/current/sdk-core/pebble/basalt/lib/libpebble.a(tmpZXz4MEpebble.o)
                0x0000000000003c5c                free
 .text.gbitmap_create_with_resource
                0x0000000000003c68        0xc /Users/av/Library/Application Support/Pebble SDK/SDKs/current/sdk-core/pebble/basalt/lib/libpebble.a(tmpZXz4MEpebble.o)
                0x0000000000003c68                gbitmap_create_with_resource
 .text.gbitmap_destroy
                0x0000000000003c74        0xc /Users/av/Library/Application Support/Pebble SDK/SDKs/current/sdk-core/pebble/basalt/lib/libpebble.a(tmpZXz4MEpebble.o)
                0x0000000000003c74                gbitmap_destroy
 .text.graphics_context_set_compositing_mode
                0x0000000000003c80        0xc /Users/av/Library/Application Support/Pebble SDK/SDKs/current/sdk-core/pebble/basalt/lib/libpebble.a(tmpZXz4MEpebble.o)
                0x0000000000003c80                graphics_context_set_compositing_mode
 .text.graphics_draw_bitmap_in_rect
                0x0000000000003c8c        0xc /Users/av/Library/Application Support/Pebble SDK/SDKs/current/sdk-core/pebble/basalt/lib/libpebble.a(tmpZXz4MEpebble.o)
                0x0000000000003c8c                graphics_draw_bitmap_in_rect
 .text.graphics_draw_circle
                0x0000000000003c98        0xc /Users/av/Library/Application Support/Pebble SDK/SDKs/current/sdk-core/pebble/basalt/lib/libpebble.a(tmpZXz4MEpebble.o)
                0x0000000000003c98                graphics_draw_circle
 .text.graphics_draw_line
                0x0000000000003ca4        0xc /Users/av/Library/Application Support/Pebble SDK/SDKs/current/sdk-core/pebble/basalt/lib/libpebble.a(tmpZXz4MEpebble.o)
                0x0000000000003ca4                graphics_draw_line
 .text.graphics_draw_round_rect
                0x0000000000003cb0        0xc /Users/av/Library/Application Support/Pebble SDK/SDKs/current/sdk-core/pebble/basalt/lib/libpebble.a(tmpZXz4MEpebble.o)
                0x0000000000003cb0                graphics_draw_round_rect
 .text.graphics_fill_circle
                0x0000000000003cbc        0xc /Users/av/Library/Application Support/Pebble SDK/SDKs/current/sdk-core/pebble/basalt/lib/libpebble.a(tmpZXz4MEpebble.o)
                0x0000000000003cbc                graphics_fill_circle
 .text.graphics_fill_rect
                0x0000000000003cc8        0xc /Users/av/Library/Application Support/Pebble SDK/SDKs/current/sdk-core/pebble/basalt/lib/libpebble.a(tmpZXz4MEpebble.o)
                0x0000000000003cc8                graphics_fill_rect
 .text.grect_center_point
                0x0000000000003cd4        0xc /Users/av/Library/Application Support/Pebble SDK/SDKs/current/sdk-core/pebble/basalt/lib/libpebble.a(tmpZXz4MEpebble.o)
                0x0000000000003cd4                grect_center_point
 .text.grect_standardize
                0x0000000000003ce0        0xc /Users/av/Library/Application Support/Pebble SDK/SDKs/current/sdk-core/pebble/basalt/lib/libpebble.a(tmpZXz4MEpebble.o)
                0x0000000000003ce0                grect_standardize
 .text.gsize_equal
                0x0000000000003cec        0xc /Users/av/Library/Application Support/Pebble SDK/SDKs/current/sdk-core/pebble/basalt/lib/libpebble.a(tmpZXz4MEpebble.o)
                0x0000000000003cec                gsize_equal
 .text.inverter_layer_create
                0x0000000000003cf8        0xc /Users/av/Library/Application Support/Pebble SDK/SDKs/current/sdk-core/pebble/basalt/lib/libpebble.a(tmpZXz4MEpebble.o)
                0x0000000000003cf8                inverter_layer_create
 .text.inverter_layer_destroy
                0x0000000000003d04        0xc /Users/av/Library/Application Support/Pebble SDK/SDKs/current/sdk-core/pebble/basalt/lib/libpebble.a(tmpZXz4MEpebble.o)
                0x0000000000003d04                inverter_layer_destroy
 .text.inverter_layer_get_layer
                0x0000000000003d10        0xc /Users/av/Library/Application Support/Pebble SDK/SDKs/current/sdk-core/pebble/basalt/lib/libpebble.a(tmpZXz4MEpebble.o)
                0x0000000000003d10                inverter_layer_get_layer
 .text.layer_add_child
                0x0000000000003d1c        0xc /Users/av/Library/Application Support/Pebble SDK/SDKs/current/sdk-core/pebble/basalt/lib/libpebble.a(tmpZXz4MEpebble.o)
                0x0000000000003d1c                layer_add_child
 .text.layer_create_with_data
                0x0000000000003d28        0xc /Users/av/Library/Application Support/Pebble SDK/SDKs/current/sdk-core/pebble/basalt/lib/libpebble.a(tmpZXz4MEpebble.o)
                0x0000000000003d28                layer_create_with_data
 .text.layer_destroy
                0x0000000000003d34        0xc /Users/av/Library/Application Support/Pebble SDK/SDKs/current/sdk-core/pebble/basalt/lib/libpebble.a(tmpZXz4MEpebble.o)
                0x0000000000003d34                layer_destroy
 .text.layer_get_bounds
                0x0000000000003d40        0xc /Users/av/Library/Application Support/Pebble SDK/SDKs/current/sdk-core/pebble/basalt/lib/libpebble.a(tmpZXz4MEpebble.o)
                0x0000000000003d40                layer_get_bounds
 .text.layer_get_data
                0x0000000000003d4c        0xc /Users/av/Library/Application Support/Pebble SDK/SDKs/current/sdk-core/pebble/basalt/lib/libpebble.a(tmpZXz4MEpebble.o)
                0x0000000000003d4c                layer_get_data
 .text.layer_get_frame
                0x0000000000003d58        0xc /Users/av/Library/Application Support/Pebble SDK/SDKs/current/sdk-core/pebble/basalt/lib/libpebble.a(tmpZXz4MEpebble.o)
                0x0000000000003d58                layer_get_frame
 .text.layer_get_window
                0x0000000000003d64        0xc /Users/av/Library/Application Support/Pebble SDK/SDKs/current/sdk-core/pebble/basalt/lib/libpebble.a(tmpZXz4MEpebble.o)
                0x0000000000003d64                layer_get_window
 .text.layer_mark_dirty
                0x0000000000003d70        0xc /Users/av/Library/Application Support/Pebble SDK/SDKs/current/sdk-core/pebble/basalt/lib/libpebble.a(tmpZXz4MEpebble.o)
                0x0000000000003d70                layer_mark_dirty
 .text.layer_remove_from_parent
                0x0000000000003d7c        0xc /Users/av/Library/Application Support/Pebble SDK/SDKs/current/sdk-core/pebble/basalt/lib/libpebble.a(tmpZXz4MEpebble.o)
                0x0000000000003d7c                layer_remove_from_parent
 .text.layer_set_frame
                0x0000000000003d88        0xc /Users/av/Library/Application Support/Pebble SDK/SDKs/current/sdk-core/pebble/basalt/lib/libpebble.a(tmpZXz4MEpebble.o)
                0x0000000000003d88                layer_set_frame
 .text.layer_set_update_proc
                0x0000000000003d94        0xc /Users/av/Library/Application Support/Pebble SDK/SDKs/current/sdk-core/pebble/basalt/lib/libpebble.a(tmpZXz4MEpebble.o)
                0x0000000000003d94                layer_set_update_proc
 .text.light_enable
                0x0000000000003da0        0xc /Users/av/Library/Application Support/Pebble SDK/SDKs/current/sdk-core/pebble/basalt/lib/libpebble.a(tmpZXz4MEpebble.o)
                0x0000000000003da0                light_enable
 .text.light_enable_interaction
                0x0000000000003dac        0xc /Users/av/Library/Application Support/Pebble SDK/SDKs/current/sdk-core/pebble/basalt/lib/libpebble.a(tmpZXz4MEpebble.o)
                0x0000000000003dac                light_enable_interaction
 .text.malloc   0x0000000000003db8        0xc /Users/av/Library/Application Support/Pebble SDK/SDKs/current/sdk-core/pebble/basalt/lib/libpebble.a(tmpZXz4MEpebble.o)
                0x0000000000003db8                malloc
 .text.memcpy   0x0000000000003dc4        0xc /Users/av/Library/Application Support/Pebble SDK/SDKs/current/sdk-core/pebble/basalt/lib/libpebble.a(tmpZXz4MEpebble.o)
                0x0000000000003dc4                memcpy
 .text.memset   0x0000000000003dd0        0xc /Users/av/Library/Application Support/Pebble SDK/SDKs/current/sdk-core/pebble/basalt/lib/libpebble.a(tmpZXz4MEpebble.o)
                0x0000000000003dd0                memset
 .text.menu_cell_basic_draw
                0x0000000000003ddc        0xc /Users/av/Library/Application Support/Pebble SDK/SDKs/current/sdk-core/pebble/basalt/lib/libpebble.a(tmpZXz4MEpebble.o)
                0x0000000000003ddc                menu_cell_basic_draw
 .text.menu_layer_destroy
                0x0000000000003de8        0xc /Users/av/Library/Application Support/Pebble SDK/SDKs/current/sdk-core/pebble/basalt/lib/libpebble.a(tmpZXz4MEpebble.o)
                0x0000000000003de8                menu_layer_destroy
 .text.menu_layer_get_layer
                0x0000000000003df4        0xc /Users/av/Library/Application Support/Pebble SDK/SDKs/current/sdk-core/pebble/basalt/lib/libpebble.a(tmpZXz4MEpebble.o)
                0x0000000000003df4                menu_layer_get_layer
 .text.menu_layer_get_selected_index
                0x0000000000003e00        0xc /Users/av/Library/Application Support/Pebble SDK/SDKs/current/sdk-core/pebble/basalt/lib/libpebble.a(tmpZXz4MEpebble.o)
                0x0000000000003e00                menu_layer_get_selected_index
 .text.menu_layer_reload_data
                0x0000000000003e0c        0xc /Users/av/Library/Application Support/Pebble SDK/SDKs/current/sdk-core/pebble/basalt/lib/libpebble.a(tmpZXz4MEpebble.o)
                0x0000000000003e0c                menu_layer_reload_data
 .text.menu_layer_set_click_config_onto_window
                0x0000000000003e18        0xc /Users/av/Library/Application Support/Pebble SDK/SDKs/current/sdk-core/pebble/basalt/lib/libpebble.a(tmpZXz4MEpebble.o)
                0x0000000000003e18                menu_layer_set_click_config_onto_window
 .text.menu_layer_set_selected_index
                0x0000000000003e24        0xc /Users/av/Library/Application Support/Pebble SDK/SDKs/current/sdk-core/pebble/basalt/lib/libpebble.a(tmpZXz4MEpebble.o)
                0x0000000000003e24                menu_layer_set_selected_index
 .text.resource_get_handle
                0x0000000000003e30        0xc /Users/av/Library/Application Support/Pebble SDK/SDKs/current/sdk-core/pebble/basalt/lib/libpebble.a(tmpZXz4MEpebble.o)
                0x0000000000003e30                resource_get_handle
 .text.scroll_layer_add_child
                0x0000000000003e3c        0xc /Users/av/Library/Application Support/Pebble SDK/SDKs/current/sdk-core/pebble/basalt/lib/libpebble.a(tmpZXz4MEpebble.o)
                0x0000000000003e3c                scroll_layer_add_child
 .text.scroll_layer_create
                0x0000000000003e48        0xc /Users/av/Library/Application Support/Pebble SDK/SDKs/current/sdk-core/pebble/basalt/lib/libpebble.a(tmpZXz4MEpebble.o)
                0x0000000000003e48                scroll_layer_create
 .text.scroll_layer_destroy
                0x0000000000003e54        0xc /Users/av/Library/Application Support/Pebble SDK/SDKs/current/sdk-core/pebble/basalt/lib/libpebble.a(tmpZXz4MEpebble.o)
                0x0000000000003e54                scroll_layer_destroy
 .text.scroll_layer_get_content_offset
                0x0000000000003e60        0xc /Users/av/Library/Application Support/Pebble SDK/SDKs/current/sdk-core/pebble/basalt/lib/libpebble.a(tmpZXz4MEpebble.o)
                0x0000000000003e60                scroll_layer_get_content_offset
 .text.scroll_layer_get_content_size
                0x0000000000003e6c        0xc /Users/av/Library/Application Support/Pebble SDK/SDKs/current/sdk-core/pebble/basalt/lib/libpebble.a(tmpZXz4MEpebble.o)
                0x0000000000003e6c                scroll_layer_get_content_size
 .text.scroll_layer_get_layer
                0x0000000000003e78        0xc /Users/av/Library/Application Support/Pebble SDK/SDKs/current/sdk-core/pebble/basalt/lib/libpebble.a(tmpZXz4MEpebble.o)
                0x0000000000003e78                scroll_layer_get_layer
 .text.scroll_layer_set_click_config_onto_window
                0x0000000000003e84        0xc /Users/av/Library/Application Support/Pebble SDK/SDKs/current/sdk-core/pebble/basalt/lib/libpebble.a(tmpZXz4MEpebble.o)
                0x0000000000003e84                scroll_layer_set_click_config_onto_window
 .text.scroll_layer_set_content_offset
                0x0000000000003e90        0xc /Users/av/Library/Application Support/Pebble SDK/SDKs/current/sdk-core/pebble/basalt/lib/libpebble.a(tmpZXz4MEpebble.o)
                0x0000000000003e90                scroll_layer_set_content_offset
 .text.scroll_layer_set_content_size
                0x0000000000003e9c        0xc /Users/av/Library/Application Support/Pebble SDK/SDKs/current/sdk-core/pebble/basalt/lib/libpebble.a(tmpZXz4MEpebble.o)
                0x0000000000003e9c                scroll_layer_set_content_size
 .text.scroll_layer_set_context
                0x0000000000003ea8        0xc /Users/av/Library/Application Support/Pebble SDK/SDKs/current/sdk-core/pebble/basalt/lib/libpebble.a(tmpZXz4MEpebble.o)
                0x0000000000003ea8                scroll_layer_set_context
 .text.scroll_layer_set_shadow_hidden
                0x0000000000003eb4        0xc /Users/av/Library/Application Support/Pebble SDK/SDKs/current/sdk-core/pebble/basalt/lib/libpebble.a(tmpZXz4MEpebble.o)
                0x0000000000003eb4                scroll_layer_set_shadow_hidden
 .text.sin_lookup
                0x0000000000003ec0        0xc /Users/av/Library/Application Support/Pebble SDK/SDKs/current/sdk-core/pebble/basalt/lib/libpebble.a(tmpZXz4MEpebble.o)
                0x0000000000003ec0                sin_lookup
 .text.strftime
                0x0000000000003ecc        0xc /Users/av/Library/Application Support/Pebble SDK/SDKs/current/sdk-core/pebble/basalt/lib/libpebble.a(tmpZXz4MEpebble.o)
                0x0000000000003ecc                strftime
 .text.strlen   0x0000000000003ed8        0xc /Users/av/Library/Application Support/Pebble SDK/SDKs/current/sdk-core/pebble/basalt/lib/libpebble.a(tmpZXz4MEpebble.o)
                0x0000000000003ed8                strlen
 .text.strncpy  0x0000000000003ee4        0xc /Users/av/Library/Application Support/Pebble SDK/SDKs/current/sdk-core/pebble/basalt/lib/libpebble.a(tmpZXz4MEpebble.o)
                0x0000000000003ee4                strncpy
 .text.tick_timer_service_subscribe
                0x0000000000003ef0        0xc /Users/av/Library/Application Support/Pebble SDK/SDKs/current/sdk-core/pebble/basalt/lib/libpebble.a(tmpZXz4MEpebble.o)
                0x0000000000003ef0                tick_timer_service_subscribe
 .text.tick_timer_service_unsubscribe
                0x0000000000003efc        0xc /Users/av/Library/Application Support/Pebble SDK/SDKs/current/sdk-core/pebble/basalt/lib/libpebble.a(tmpZXz4MEpebble.o)
                0x0000000000003efc                tick_timer_service_unsubscribe
 .text.vibes_double_pulse
                0x0000000000003f08        0xc /Users/av/Library/Application Support/Pebble SDK/SDKs/current/sdk-core/pebble/basalt/lib/libpebble.a(tmpZXz4MEpebble.o)
                0x0000000000003f08                vibes_double_pulse
 .text.vibes_long_pulse
                0x0000000000003f14        0xc /Users/av/Library/Application Support/Pebble SDK/SDKs/current/sdk-core/pebble/basalt/lib/libpebble.a(tmpZXz4MEpebble.o)
                0x0000000000003f14                vibes_long_pulse
 .text.vibes_short_pulse
                0x0000000000003f20        0xc /Users/av/Library/Application Support/Pebble SDK/SDKs/current/sdk-core/pebble/basalt/lib/libpebble.a(tmpZXz4MEpebble.o)
                0x0000000000003f20                vibes_short_pulse
 .text.window_create
                0x0000000000003f2c        0xc /Users/av/Library/Application Support/Pebble SDK/SDKs/current/sdk-core/pebble/basalt/lib/libpebble.a(tmpZXz4MEpebble.o)
                0x0000000000003f2c                window_create
 .text.window_destroy
                0x0000000000003f38        0xc /Users/av/Library/Application Support/Pebble SDK/SDKs/current/sdk-core/pebble/basalt/lib/libpebble.a(tmpZXz4MEpebble.o)
                0x0000000000003f38                window_destroy
 .text.window_get_click_config_provider
                0x0000000000003f44        0xc /Users/av/Library/Application Support/Pebble SDK/SDKs/current/sdk-core/pebble/basalt/lib/libpebble.a(tmpZXz4MEpebble.o)
                0x0000000000003f44                window_get_click_config_provider
 .text.window_get_root_layer
                0x0000000000003f50        0xc /Users/av/Library/Application Support/Pebble SDK/SDKs/current/sdk-core/pebble/basalt/lib/libpebble.a(tmpZXz4MEpebble.o)
                0x0000000000003f50                window_get_root_layer
 .text.window_set_click_config_provider_with_context
                0x0000000000003f5c        0xc /Users/av/Library/Application Support/Pebble SDK/SDKs/current/sdk-core/pebble/basalt/lib/libpebble.a(tmpZXz4MEpebble.o)
                0x0000000000003f5c                window_set_click_config_provider_with_context
 .text.window_set_window_handlers
                0x0000000000003f68        0xc /Users/av/Library/Application Support/Pebble SDK/SDKs/current/sdk-core/pebble/basalt/lib/libpebble.a(tmpZXz4MEpebble.o)
                0x0000000000003f68                window_set_window_handlers
 .text.window_stack_get_top_window
                0x0000000000003f74        0xc /Users/av/Library/Application Support/Pebble SDK/SDKs/current/sdk-core/pebble/basalt/lib/libpebble.a(tmpZXz4MEpebble.o)
                0x0000000000003f74                window_stack_get_top_window
 .text.window_stack_pop
                0x0000000000003f80        0xc /Users/av/Library/Application Support/Pebble SDK/SDKs/current/sdk-core/pebble/basalt/lib/libpebble.a(tmpZXz4MEpebble.o)
                0x0000000000003f80                window_stack_pop
 .text.window_stack_pop_all
                0x0000000000003f8c        0xc /Users/av/Library/Application Support/Pebble SDK/SDKs/current/sdk-core/pebble/basalt/lib/libpebble.a(tmpZXz4MEpebble.o)
                0x0000000000003f8c                window_stack_pop_all
 .text.window_stack_push
                0x0000000000003f98        0xc /Users/av/Library/Application Support/Pebble SDK/SDKs/current/sdk-core/pebble/basalt/lib/libpebble.a(tmpZXz4MEpebble.o)
                0x0000000000003f98                window_stack_push
 .text.window_stack_remove
                0x0000000000003fa4        0xc /Users/av/Library/Application Support/Pebble SDK/SDKs/current/sdk-core/pebble/basalt/lib/libpebble.a(tmpZXz4MEpebble.o)
                0x0000000000003fa4                window_stack_remove
 .text.window_get_user_data
                0x0000000000003fb0        0xc /Users/av/Library/Application Support/Pebble SDK/SDKs/current/sdk-core/pebble/basalt/lib/libpebble.a(tmpZXz4MEpebble.o)
                0x0000000000003fb0                window_get_user_data
 .text.window_set_user_data
                0x0000000000003fbc        0xc /Users/av/Library/Application Support/Pebble SDK/SDKs/current/sdk-core/pebble/basalt/lib/libpebble.a(tmpZXz4MEpebble.o)
                0x0000000000003fbc                window_set_user_data
 .text.app_message_outbox_begin
                0x0000000000003fc8        0xc /Users/av/Library/Application Support/Pebble SDK/SDKs/current/sdk-core/pebble/basalt/lib/libpebble.a(tmpZXz4MEpebble.o)
                0x0000000000003fc8                app_message_outbox_begin
 .text.app_message_outbox_send
                0x0000000000003fd4        0xc /Users/av/Library/Application Support/Pebble SDK/SDKs/current/sdk-core/pebble/basalt/lib/libpebble.a(tmpZXz4MEpebble.o)
                0x0000000000003fd4                app_message_outbox_send
 .text.app_message_register_inbox_dropped
                0x0000000000003fe0        0xc /Users/av/Library/Application Support/Pebble SDK/SDKs/current/sdk-core/pebble/basalt/lib/libpebble.a(tmpZXz4MEpebble.o)
                0x0000000000003fe0                app_message_register_inbox_dropped
 .text.app_message_register_inbox_received
                0x0000000000003fec        0xc /Users/av/Library/Application Support/Pebble SDK/SDKs/current/sdk-core/pebble/basalt/lib/libpebble.a(tmpZXz4MEpebble.o)
                0x0000000000003fec                app_message_register_inbox_received
 .text.app_message_register_outbox_failed
                0x0000000000003ff8        0xc /Users/av/Library/Application Support/Pebble SDK/SDKs/current/sdk-core/pebble/basalt/lib/libpebble.a(tmpZXz4MEpebble.o)
                0x0000000000003ff8                app_message_register_outbox_failed
 .text.app_message_register_outbox_sent
                0x0000000000004004        0xc /Users/av/Library/Application Support/Pebble SDK/SDKs/current/sdk-core/pebble/basalt/lib/libpebble.a(tmpZXz4MEpebble.o)
                0x0000000000004004                app_message_register_outbox_sent
 .text.app_message_set_context
                0x0000000000004010        0xc /Users/av/Library/Application Support/Pebble SDK/SDKs/current/sdk-core/pebble/basalt/lib/libpebble.a(tmpZXz4MEpebble.o)
                0x0000000000004010                app_message_set_context
 .text.window_long_click_subscribe
                0x000000000000401c        0xc /Users/av/Library/Application Support/Pebble SDK/SDKs/current/sdk-core/pebble/basalt/lib/libpebble.a(tmpZXz4MEpebble.o)
                0x000000000000401c                window_long_click_subscribe
 .text.window_set_click_context
                0x0000000000004028        0xc /Users/av/Library/Application Support/Pebble SDK/SDKs/current/sdk-core/pebble/basalt/lib/libpebble.a(tmpZXz4MEpebble.o)
                0x0000000000004028                window_set_click_context
 .text.window_single_click_subscribe
                0x0000000000004034        0xc /Users/av/Library/Application Support/Pebble SDK/SDKs/current/sdk-core/pebble/basalt/lib/libpebble.a(tmpZXz4MEpebble.o)
                0x0000000000004034                window_single_click_subscribe
 .text.graphics_draw_text
                0x0000000000004040        0xc /Users/av/Library/Application Support/Pebble SDK/SDKs/current/sdk-core/pebble/basalt/lib/libpebble.a(tmpZXz4MEpebble.o)
                0x0000000000004040                graphics_draw_text
 .text.accel_data_service_subscribe
                0x000000000000404c        0xc /Users/av/Library/Application Support/Pebble SDK/SDKs/current/sdk-core/pebble/basalt/lib/libpebble.a(tmpZXz4MEpebble.o)
                0x000000000000404c                accel_data_service_subscribe
 .text.launch_reason
                0x0000000000004058        0xc /Users/av/Library/Application Support/Pebble SDK/SDKs/current/sdk-core/pebble/basalt/lib/libpebble.a(tmpZXz4MEpebble.o)
                0x0000000000004058                launch_reason
 .text.wakeup_cancel
                0x0000000000004064        0xc /Users/av/Library/Application Support/Pebble SDK/SDKs/current/sdk-core/pebble/basalt/lib/libpebble.a(tmpZXz4MEpebble.o)
                0x0000000000004064                wakeup_cancel
 .text.wakeup_cancel_all
                0x0000000000004070        0xc /Users/av/Library/Application Support/Pebble SDK/SDKs/current/sdk-core/pebble/basalt/lib/libpebble.a(tmpZXz4MEpebble.o)
                0x0000000000004070                wakeup_cancel_all
 .text.wakeup_get_launch_event
                0x000000000000407c        0xc /Users/av/Library/Application Support/Pebble SDK/SDKs/current/sdk-core/pebble/basalt/lib/libpebble.a(tmpZXz4MEpebble.o)
                0x000000000000407c                wakeup_get_launch_event
 .text.wakeup_schedule
                0x0000000000004088        0xc /Users/av/Library/Application Support/Pebble SDK/SDKs/current/sdk-core/pebble/basalt/lib/libpebble.a(tmpZXz4MEpebble.o)
                0x0000000000004088                wakeup_schedule
 .text.wakeup_service_subscribe
                0x0000000000004094        0xc /Users/av/Library/Application Support/Pebble SDK/SDKs/current/sdk-core/pebble/basalt/lib/libpebble.a(tmpZXz4MEpebble.o)
                0x0000000000004094                wakeup_service_subscribe
 .text.clock_is_timezone_set
                0x00000000000040a0        0xc /Users/av/Library/Application Support/Pebble SDK/SDKs/current/sdk-core/pebble/basalt/lib/libpebble.a(tmpZXz4MEpebble.o)
                0x00000000000040a0                clock_is_timezone_set
 .text.graphics_context_set_fill_color
                0x00000000000040ac        0xc /Users/av/Library/Application Support/Pebble SDK/SDKs/current/sdk-core/pebble/basalt/lib/libpebble.a(tmpZXz4MEpebble.o)
                0x00000000000040ac                graphics_context_set_fill_color
 .text.graphics_context_set_stroke_color
                0x00000000000040b8        0xc /Users/av/Library/Application Support/Pebble SDK/SDKs/current/sdk-core/pebble/basalt/lib/libpebble.a(tmpZXz4MEpebble.o)
                0x00000000000040b8                graphics_context_set_stroke_color
 .text.graphics_context_set_text_color
                0x00000000000040c4        0xc /Users/av/Library/Application Support/Pebble SDK/SDKs/current/sdk-core/pebble/basalt/lib/libpebble.a(tmpZXz4MEpebble.o)
                0x00000000000040c4                graphics_context_set_text_color
 .text.window_set_background_color
                0x00000000000040d0        0xc /Users/av/Library/Application Support/Pebble SDK/SDKs/current/sdk-core/pebble/basalt/lib/libpebble.a(tmpZXz4MEpebble.o)
                0x00000000000040d0                window_set_background_color
 .text.localtime
                0x00000000000040dc        0xc /Users/av/Library/Application Support/Pebble SDK/SDKs/current/sdk-core/pebble/basalt/lib/libpebble.a(tmpZXz4MEpebble.o)
                0x00000000000040dc                localtime
 .text.animation_destroy
                0x00000000000040e8        0xc /Users/av/Library/Application Support/Pebble SDK/SDKs/current/sdk-core/pebble/basalt/lib/libpebble.a(tmpZXz4MEpebble.o)
                0x00000000000040e8                animation_destroy
 .text.animation_schedule
                0x00000000000040f4        0xc /Users/av/Library/Application Support/Pebble SDK/SDKs/current/sdk-core/pebble/basalt/lib/libpebble.a(tmpZXz4MEpebble.o)
                0x00000000000040f4                animation_schedule
 .text.animation_set_curve
                0x0000000000004100        0xc /Users/av/Library/Application Support/Pebble SDK/SDKs/current/sdk-core/pebble/basalt/lib/libpebble.a(tmpZXz4MEpebble.o)
                0x0000000000004100                animation_set_curve
 .text.animation_set_duration
                0x000000000000410c        0xc /Users/av/Library/Application Support/Pebble SDK/SDKs/current/sdk-core/pebble/basalt/lib/libpebble.a(tmpZXz4MEpebble.o)
                0x000000000000410c                animation_set_duration
 .text.animation_set_handlers
                0x0000000000004118        0xc /Users/av/Library/Application Support/Pebble SDK/SDKs/current/sdk-core/pebble/basalt/lib/libpebble.a(tmpZXz4MEpebble.o)
                0x0000000000004118                animation_set_handlers
 .text.animation_unschedule
                0x0000000000004124        0xc /Users/av/Library/Application Support/Pebble SDK/SDKs/current/sdk-core/pebble/basalt/lib/libpebble.a(tmpZXz4MEpebble.o)
                0x0000000000004124                animation_unschedule
 .text.property_animation_create
                0x0000000000004130        0xc /Users/av/Library/Application Support/Pebble SDK/SDKs/current/sdk-core/pebble/basalt/lib/libpebble.a(tmpZXz4MEpebble.o)
                0x0000000000004130                property_animation_create
 .text.property_animation_destroy
                0x000000000000413c        0xc /Users/av/Library/Application Support/Pebble SDK/SDKs/current/sdk-core/pebble/basalt/lib/libpebble.a(tmpZXz4MEpebble.o)
                0x000000000000413c                property_animation_destroy
 .text.property_animation_from
                0x0000000000004148        0xc /Users/av/Library/Application Support/Pebble SDK/SDKs/current/sdk-core/pebble/basalt/lib/libpebble.a(tmpZXz4MEpebble.o)
                0x0000000000004148                property_animation_from
 .text.property_animation_to
                0x0000000000004154        0xc /Users/av/Library/Application Support/Pebble SDK/SDKs/current/sdk-core/pebble/basalt/lib/libpebble.a(tmpZXz4MEpebble.o)
                0x0000000000004154                property_animation_to
 .text.property_animation_update_grect
                0x0000000000004160        0xc /Users/av/Library/Application Support/Pebble SDK/SDKs/current/sdk-core/pebble/basalt/lib/libpebble.a(tmpZXz4MEpebble.o)
                0x0000000000004160                property_animation_update_grect
 .text.gbitmap_get_bounds
                0x000000000000416c        0xc /Users/av/Library/Application Support/Pebble SDK/SDKs/current/sdk-core/pebble/basalt/lib/libpebble.a(tmpZXz4MEpebble.o)
                0x000000000000416c                gbitmap_get_bounds
 .text.gbitmap_get_format
                0x0000000000004178        0xc /Users/av/Library/Application Support/Pebble SDK/SDKs/current/sdk-core/pebble/basalt/lib/libpebble.a(tmpZXz4MEpebble.o)
                0x0000000000004178                gbitmap_get_format
 .text.gbitmap_get_palette
                0x0000000000004184        0xc /Users/av/Library/Application Support/Pebble SDK/SDKs/current/sdk-core/pebble/basalt/lib/libpebble.a(tmpZXz4MEpebble.o)
                0x0000000000004184                gbitmap_get_palette
 .text.gbitmap_set_palette
                0x0000000000004190        0xc /Users/av/Library/Application Support/Pebble SDK/SDKs/current/sdk-core/pebble/basalt/lib/libpebble.a(tmpZXz4MEpebble.o)
                0x0000000000004190                gbitmap_set_palette
 .text.gbitmap_create_from_png_data
                0x000000000000419c        0xc /Users/av/Library/Application Support/Pebble SDK/SDKs/current/sdk-core/pebble/basalt/lib/libpebble.a(tmpZXz4MEpebble.o)
                0x000000000000419c                gbitmap_create_from_png_data
 .text.launch_get_args
                0x00000000000041a8        0xc /Users/av/Library/Application Support/Pebble SDK/SDKs/current/sdk-core/pebble/basalt/lib/libpebble.a(tmpZXz4MEpebble.o)
                0x00000000000041a8                launch_get_args
 .text.menu_layer_create
                0x00000000000041b4        0xc /Users/av/Library/Application Support/Pebble SDK/SDKs/current/sdk-core/pebble/basalt/lib/libpebble.a(tmpZXz4MEpebble.o)
                0x00000000000041b4                menu_layer_create
 .text.graphics_context_set_antialiased
                0x00000000000041c0        0xc /Users/av/Library/Application Support/Pebble SDK/SDKs/current/sdk-core/pebble/basalt/lib/libpebble.a(tmpZXz4MEpebble.o)
                0x00000000000041c0                graphics_context_set_antialiased
 .text.graphics_context_set_stroke_width
                0x00000000000041cc        0xc /Users/av/Library/Application Support/Pebble SDK/SDKs/current/sdk-core/pebble/basalt/lib/libpebble.a(tmpZXz4MEpebble.o)
                0x00000000000041cc                graphics_context_set_stroke_width
 .text.action_bar_layer_add_to_window
                0x00000000000041d8        0xc /Users/av/Library/Application Support/Pebble SDK/SDKs/current/sdk-core/pebble/basalt/lib/libpebble.a(tmpZXz4MEpebble.o)
                0x00000000000041d8                action_bar_layer_add_to_window
 .text.action_bar_layer_clear_icon
                0x00000000000041e4        0xc /Users/av/Library/Application Support/Pebble SDK/SDKs/current/sdk-core/pebble/basalt/lib/libpebble.a(tmpZXz4MEpebble.o)
                0x00000000000041e4                action_bar_layer_clear_icon
 .text.action_bar_layer_create
                0x00000000000041f0        0xc /Users/av/Library/Application Support/Pebble SDK/SDKs/current/sdk-core/pebble/basalt/lib/libpebble.a(tmpZXz4MEpebble.o)
                0x00000000000041f0                action_bar_layer_create
 .text.action_bar_layer_destroy
                0x00000000000041fc        0xc /Users/av/Library/Application Support/Pebble SDK/SDKs/current/sdk-core/pebble/basalt/lib/libpebble.a(tmpZXz4MEpebble.o)
                0x00000000000041fc                action_bar_layer_destroy
 .text.action_bar_layer_get_layer
                0x0000000000004208        0xc /Users/av/Library/Application Support/Pebble SDK/SDKs/current/sdk-core/pebble/basalt/lib/libpebble.a(tmpZXz4MEpebble.o)
                0x0000000000004208                action_bar_layer_get_layer
 .text.action_bar_layer_remove_from_window
                0x0000000000004214        0xc /Users/av/Library/Application Support/Pebble SDK/SDKs/current/sdk-core/pebble/basalt/lib/libpebble.a(tmpZXz4MEpebble.o)
                0x0000000000004214                action_bar_layer_remove_from_window
 .text.action_bar_layer_set_background_color
                0x0000000000004220        0xc /Users/av/Library/Application Support/Pebble SDK/SDKs/current/sdk-core/pebble/basalt/lib/libpebble.a(tmpZXz4MEpebble.o)
                0x0000000000004220                action_bar_layer_set_background_color
 .text.action_bar_layer_set_click_config_provider
                0x000000000000422c        0xc /Users/av/Library/Application Support/Pebble SDK/SDKs/current/sdk-core/pebble/basalt/lib/libpebble.a(tmpZXz4MEpebble.o)
                0x000000000000422c                action_bar_layer_set_click_config_provider
 .text.action_bar_layer_set_context
                0x0000000000004238        0xc /Users/av/Library/Application Support/Pebble SDK/SDKs/current/sdk-core/pebble/basalt/lib/libpebble.a(tmpZXz4MEpebble.o)
                0x0000000000004238                action_bar_layer_set_context
 .text.action_bar_layer_set_icon
                0x0000000000004244        0xc /Users/av/Library/Application Support/Pebble SDK/SDKs/current/sdk-core/pebble/basalt/lib/libpebble.a(tmpZXz4MEpebble.o)
                0x0000000000004244                action_bar_layer_set_icon
 .text.menu_cell_layer_is_highlighted
                0x0000000000004250        0xc /Users/av/Library/Application Support/Pebble SDK/SDKs/current/sdk-core/pebble/basalt/lib/libpebble.a(tmpZXz4MEpebble.o)
                0x0000000000004250                menu_cell_layer_is_highlighted
 .text.time     0x000000000000425c        0xc /Users/av/Library/Application Support/Pebble SDK/SDKs/current/sdk-core/pebble/basalt/lib/libpebble.a(tmpZXz4MEpebble.o)
                0x000000000000425c                time
 .text.menu_layer_set_highlight_colors
                0x0000000000004268        0xc /Users/av/Library/Application Support/Pebble SDK/SDKs/current/sdk-core/pebble/basalt/lib/libpebble.a(tmpZXz4MEpebble.o)
                0x0000000000004268                menu_layer_set_highlight_colors
 .text.menu_layer_set_normal_colors
                0x0000000000004274        0xc /Users/av/Library/Application Support/Pebble SDK/SDKs/current/sdk-core/pebble/basalt/lib/libpebble.a(tmpZXz4MEpebble.o)
                0x0000000000004274                menu_layer_set_normal_colors
 .text.menu_layer_set_callbacks
                0x0000000000004280        0xc /Users/av/Library/Application Support/Pebble SDK/SDKs/current/sdk-core/pebble/basalt/lib/libpebble.a(tmpZXz4MEpebble.o)
                0x0000000000004280                menu_layer_set_callbacks
 .text.status_bar_layer_create
                0x000000000000428c        0xc /Users/av/Library/Application Support/Pebble SDK/SDKs/current/sdk-core/pebble/basalt/lib/libpebble.a(tmpZXz4MEpebble.o)
                0x000000000000428c                status_bar_layer_create
 .text.status_bar_layer_destroy
                0x0000000000004298        0xc /Users/av/Library/Application Support/Pebble SDK/SDKs/current/sdk-core/pebble/basalt/lib/libpebble.a(tmpZXz4MEpebble.o)
                0x0000000000004298                status_bar_layer_destroy
 .text.status_bar_layer_get_layer
                0x00000000000042a4        0xc /Users/av/Library/Application Support/Pebble SDK/SDKs/current/sdk-core/pebble/basalt/lib/libpebble.a(tmpZXz4MEpebble.o)
                0x00000000000042a4                status_bar_layer_get_layer
 .text.status_bar_layer_set_colors
                0x00000000000042b0        0xc /Users/av/Library/Application Support/Pebble SDK/SDKs/current/sdk-core/pebble/basalt/lib/libpebble.a(tmpZXz4MEpebble.o)
                0x00000000000042b0                status_bar_layer_set_colors
 .text.status_bar_layer_set_separator_mode
                0x00000000000042bc        0xc /Users/av/Library/Application Support/Pebble SDK/SDKs/current/sdk-core/pebble/basalt/lib/libpebble.a(tmpZXz4MEpebble.o)
                0x00000000000042bc                status_bar_layer_set_separator_mode
 .text.time_ms  0x00000000000042c8        0xc /Users/av/Library/Application Support/Pebble SDK/SDKs/current/sdk-core/pebble/basalt/lib/libpebble.a(tmpZXz4MEpebble.o)
                0x00000000000042c8                time_ms
 .text.dictation_session_create
                0x00000000000042d4        0xc /Users/av/Library/Application Support/Pebble SDK/SDKs/current/sdk-core/pebble/basalt/lib/libpebble.a(tmpZXz4MEpebble.o)
                0x00000000000042d4                dictation_session_create
 .text.dictation_session_enable_confirmation
                0x00000000000042e0        0xc /Users/av/Library/Application Support/Pebble SDK/SDKs/current/sdk-core/pebble/basalt/lib/libpebble.a(tmpZXz4MEpebble.o)
                0x00000000000042e0                dictation_session_enable_confirmation
 .text.dictation_session_start
                0x00000000000042ec        0xc /Users/av/Library/Application Support/Pebble SDK/SDKs/current/sdk-core/pebble/basalt/lib/libpebble.a(tmpZXz4MEpebble.o)
                0x00000000000042ec                dictation_session_start
 .text.dictation_session_stop
                0x00000000000042f8        0xc /Users/av/Library/Application Support/Pebble SDK/SDKs/current/sdk-core/pebble/basalt/lib/libpebble.a(tmpZXz4MEpebble.o)
                0x00000000000042f8                dictation_session_stop
 .text.grect_inset
                0x0000000000004304        0xc /Users/av/Library/Application Support/Pebble SDK/SDKs/current/sdk-core/pebble/basalt/lib/libpebble.a(tmpZXz4MEpebble.o)
                0x0000000000004304                grect_inset
 .text.gpoint_from_polar
                0x0000000000004310        0xc /Users/av/Library/Application Support/Pebble SDK/SDKs/current/sdk-core/pebble/basalt/lib/libpebble.a(tmpZXz4MEpebble.o)
                0x0000000000004310                gpoint_from_polar
 .text.graphics_draw_arc
                0x000000000000431c        0xc /Users/av/Library/Application Support/Pebble SDK/SDKs/current/sdk-core/pebble/basalt/lib/libpebble.a(tmpZXz4MEpebble.o)
                0x000000000000431c                graphics_draw_arc
 .text.graphics_fill_radial
                0x0000000000004328        0xc /Users/av/Library/Application Support/Pebble SDK/SDKs/current/sdk-core/pebble/basalt/lib/libpebble.a(tmpZXz4MEpebble.o)
                0x0000000000004328                graphics_fill_radial
 .text.graphics_text_attributes_create
                0x0000000000004334        0xc /Users/av/Library/Application Support/Pebble SDK/SDKs/current/sdk-core/pebble/basalt/lib/libpebble.a(tmpZXz4MEpebble.o)
                0x0000000000004334                graphics_text_attributes_create
 .text.graphics_text_attributes_destroy
                0x0000000000004340        0xc /Users/av/Library/Application Support/Pebble SDK/SDKs/current/sdk-core/pebble/basalt/lib/libpebble.a(tmpZXz4MEpebble.o)
                0x0000000000004340                graphics_text_attributes_destroy
 .text.graphics_text_layout_get_content_size_with_attributes
                0x000000000000434c        0xc /Users/av/Library/Application Support/Pebble SDK/SDKs/current/sdk-core/pebble/basalt/lib/libpebble.a(tmpZXz4MEpebble.o)
                0x000000000000434c                graphics_text_layout_get_content_size_with_attributes
 .text.scroll_layer_set_paging
                0x0000000000004358        0xc /Users/av/Library/Application Support/Pebble SDK/SDKs/current/sdk-core/pebble/basalt/lib/libpebble.a(tmpZXz4MEpebble.o)
                0x0000000000004358                scroll_layer_set_paging
 *(.rodata)
 *(.rodata*)
 .rodata.str1.1
                0x0000000000004364       0x1b src/simply/simply_menu.c.28.o
                                         0x1c (size before relaxing)
 .rodata.str1.1
                0x000000000000437f       0x26 src/simply/simply_msg.c.28.o
 .rodata.str1.1
                0x00000000000043a5       0x16 src/simply/simply_stage.c.28.o
 .rodata.CSWTCH.22
                0x00000000000043bb        0x7 src/simply/simply_stage.c.28.o
 .rodata.str1.1
                0x00000000000043c2       0x7d src/simply/simply_ui.c.28.o
 .rodata.str1.1
                0x0000000000000000        0x1 src/simply/simply_voice.c.28.o

.glue_7         0x0000000000004440        0x0
 .glue_7        0x0000000000000000        0x0 linker stubs

.glue_7t        0x0000000000004440        0x0
 .glue_7t       0x0000000000000000        0x0 linker stubs

.vfp11_veneer   0x0000000000004440        0x0
 .vfp11_veneer  0x0000000000000000        0x0 linker stubs

.v4_bx          0x0000000000004440        0x0
 .v4_bx         0x0000000000000000        0x0 linker stubs

.iplt           0x0000000000004440        0x0
 .iplt          0x0000000000000000        0x0 /usr/local/Cellar/pebble-toolchain/2.0/arm-cs-tools/bin/../lib/gcc/arm-none-eabi/4.7.2/thumb2/crtbegin.o

.rel.dyn        0x0000000000004440        0x0
 .rel.iplt      0x0000000000000000        0x0 /usr/local/Cellar/pebble-toolchain/2.0/arm-cs-tools/bin/../lib/gcc/arm-none-eabi/4.7.2/thumb2/crtbegin.o

.ARM.exidx      0x0000000000004440        0x8
 .ARM.exidx     0x0000000000004440        0x8 /usr/local/Cellar/pebble-toolchain/2.0/arm-cs-tools/bin/../lib/gcc/arm-none-eabi/4.7.2/thumb2/libgcc.a(_divdi3.o)
 .ARM.exidx     0x0000000000004448        0x0 /usr/local/Cellar/pebble-toolchain/2.0/arm-cs-tools/bin/../lib/gcc/arm-none-eabi/4.7.2/thumb2/libgcc.a(_udivdi3.o)
                                          0x8 (size before relaxing)

.data           0x0000000000004448       0xb2
 *(.data)
 .data          0x0000000000004448        0x0 /usr/local/Cellar/pebble-toolchain/2.0/arm-cs-tools/bin/../lib/gcc/arm-none-eabi/4.7.2/thumb2/crti.o
 .data          0x0000000000004448        0x4 /usr/local/Cellar/pebble-toolchain/2.0/arm-cs-tools/bin/../lib/gcc/arm-none-eabi/4.7.2/thumb2/crtbegin.o
                0x0000000000004448                __dso_handle
 .data          0x000000000000444c        0x0 src/main.c.28.o
 .data          0x000000000000444c        0x0 src/simply/simply.c.28.o
 .data          0x000000000000444c        0x0 src/simply/simply_accel.c.28.o
 .data          0x000000000000444c        0x0 src/simply/simply_menu.c.28.o
 .data          0x000000000000444c        0x0 src/simply/simply_msg.c.28.o
 .data          0x000000000000444c        0x0 src/simply/simply_res.c.28.o
 .data          0x000000000000444c        0x0 src/simply/simply_splash.c.28.o
 .data          0x000000000000444c        0x0 src/simply/simply_stage.c.28.o
 .data          0x000000000000444c        0x0 src/simply/simply_ui.c.28.o
 .data          0x000000000000444c        0x0 src/simply/simply_voice.c.28.o
 .data          0x000000000000444c        0x0 src/simply/simply_wakeup.c.28.o
 .data          0x000000000000444c        0x0 src/simply/simply_window.c.28.o
 .data          0x000000000000444c        0x0 src/simply/simply_window_stack.c.28.o
 .data          0x000000000000444c        0x0 basalt/appinfo.auto.c.28.o
 .data          0x000000000000444c        0x0 basalt/src/resource_ids.auto.c.28.o
 .data          0x000000000000444c        0x0 /Users/av/Library/Application Support/Pebble SDK/SDKs/current/sdk-core/pebble/basalt/lib/libpebble.a(tmpZXz4MEpebble.o)
 .data          0x000000000000444c        0x0 /usr/local/Cellar/pebble-toolchain/2.0/arm-cs-tools/bin/../lib/gcc/arm-none-eabi/4.7.2/thumb2/libgcc.a(_aeabi_ldivmod.o)
 .data          0x000000000000444c        0x0 /usr/local/Cellar/pebble-toolchain/2.0/arm-cs-tools/bin/../lib/gcc/arm-none-eabi/4.7.2/thumb2/libgcc.a(bpabi.o)
 .data          0x000000000000444c        0x0 /usr/local/Cellar/pebble-toolchain/2.0/arm-cs-tools/bin/../lib/gcc/arm-none-eabi/4.7.2/thumb2/libgcc.a(_dvmd_tls.o)
 .data          0x000000000000444c        0x0 /usr/local/Cellar/pebble-toolchain/2.0/arm-cs-tools/bin/../lib/gcc/arm-none-eabi/4.7.2/thumb2/libgcc.a(_divdi3.o)
 .data          0x000000000000444c        0x0 /usr/local/Cellar/pebble-toolchain/2.0/arm-cs-tools/bin/../lib/gcc/arm-none-eabi/4.7.2/thumb2/libgcc.a(_udivdi3.o)
 .data          0x000000000000444c        0x0 /usr/local/Cellar/pebble-toolchain/2.0/arm-cs-tools/bin/../lib/gcc/arm-none-eabi/4.7.2/thumb2/libgcc.a(_udivsi3.o)
 .data          0x000000000000444c        0x0 /usr/local/Cellar/pebble-toolchain/2.0/arm-cs-tools/bin/../lib/gcc/arm-none-eabi/4.7.2/thumb2/crtend.o
 .data          0x000000000000444c        0x0 /usr/local/Cellar/pebble-toolchain/2.0/arm-cs-tools/bin/../lib/gcc/arm-none-eabi/4.7.2/thumb2/crtn.o
 *(.data.*)
 .data.s_normal_palette
                0x000000000000444c        0x2 src/simply/simply_menu.c.28.o
 *fill*         0x000000000000444e        0x2 
 .data.rel.ro.local.s_window_handlers.8327
                0x0000000000004450       0x10 src/simply/simply_menu.c.28.o
 .data.s_inverted_palette
                0x0000000000004460        0x2 src/simply/simply_menu.c.28.o
 *fill*         0x0000000000004462        0x2 
 .data.rel.ro.local.s_window_handlers.8368
                0x0000000000004464       0x10 src/simply/simply_stage.c.28.o
 .data.rel.ro.implementation.8242
                0x0000000000004474       0x14 src/simply/simply_stage.c.28.o
 .data.rel.ro.local.s_window_handlers.8109
                0x0000000000004488       0x10 src/simply/simply_ui.c.28.o
 .data.rel.ro.local.STYLES
                0x0000000000004498       0x5f src/simply/simply_ui.c.28.o
 .data.s_button_palette
                0x00000000000044f7        0x2 src/simply/simply_window.c.28.o
 .data.s_broadcast_window
                0x00000000000044f9        0x1 src/simply/simply_window_stack.c.28.o

.igot.plt       0x00000000000044fc        0x0
 .igot.plt      0x0000000000000000        0x0 /usr/local/Cellar/pebble-toolchain/2.0/arm-cs-tools/bin/../lib/gcc/arm-none-eabi/4.7.2/thumb2/crtbegin.o

.bss            0x00000000000044fc      0x118
 *(.bss)
 *(.bss.*)
 .bss.s_accel   0x00000000000044fc        0x4 src/simply/simply_accel.c.28.o
 .bss.s_provider.7883
                0x0000000000004500        0x4 src/simply/simply_menu.c.28.o
 .bss.s_has_communicated
                0x0000000000004504        0x1 src/simply/simply_msg.c.28.o
 *fill*         0x0000000000004505        0x3 
 .bss.s_msg     0x0000000000004508        0x4 src/simply/simply_msg.c.28.o
 .bss.time_text.8129
                0x000000000000450c      0x100 src/simply/simply_stage.c.28.o
 .bss.s_voice   0x000000000000460c        0x4 src/simply/simply_voice.c.28.o
 .bss.s_provider.7887
                0x0000000000004610        0x4 src/simply/simply_window.c.28.o

DISCARD
 libc.a(*)
 libm.a(*)
 libgcc.a(*)
 *(.eh_frame)
OUTPUT(/Users/av/Dev/Pebble/petrello/build/basalt/pebble-app.elf elf32-littlearm)

.ARM.attributes
                0x0000000000000000       0x27
 .ARM.attributes
                0x0000000000000000       0x19 /usr/local/Cellar/pebble-toolchain/2.0/arm-cs-tools/bin/../lib/gcc/arm-none-eabi/4.7.2/thumb2/crti.o
 .ARM.attributes
                0x0000000000000019       0x29 /usr/local/Cellar/pebble-toolchain/2.0/arm-cs-tools/bin/../lib/gcc/arm-none-eabi/4.7.2/thumb2/crtbegin.o
 .ARM.attributes
                0x0000000000000042       0x33 src/main.c.28.o
 .ARM.attributes
                0x0000000000000075       0x33 src/simply/simply.c.28.o
 .ARM.attributes
                0x00000000000000a8       0x33 src/simply/simply_accel.c.28.o
 .ARM.attributes
                0x00000000000000db       0x33 src/simply/simply_menu.c.28.o
 .ARM.attributes
                0x000000000000010e       0x33 src/simply/simply_msg.c.28.o
 .ARM.attributes
                0x0000000000000141       0x33 src/simply/simply_res.c.28.o
 .ARM.attributes
                0x0000000000000174       0x33 src/simply/simply_splash.c.28.o
 .ARM.attributes
                0x00000000000001a7       0x33 src/simply/simply_stage.c.28.o
 .ARM.attributes
                0x00000000000001da       0x33 src/simply/simply_ui.c.28.o
 .ARM.attributes
                0x000000000000020d       0x33 src/simply/simply_voice.c.28.o
 .ARM.attributes
                0x0000000000000240       0x33 src/simply/simply_wakeup.c.28.o
 .ARM.attributes
                0x0000000000000273       0x33 src/simply/simply_window.c.28.o
 .ARM.attributes
                0x00000000000002a6       0x33 src/simply/simply_window_stack.c.28.o
 .ARM.attributes
                0x00000000000002d9       0x33 basalt/appinfo.auto.c.28.o
 .ARM.attributes
                0x000000000000030c       0x33 basalt/src/resource_ids.auto.c.28.o
 .ARM.attributes
                0x000000000000033f       0x21 /Users/av/Library/Application Support/Pebble SDK/SDKs/current/sdk-core/pebble/basalt/lib/libpebble.a(tmpZXz4MEpebble.o)
 .ARM.attributes
                0x0000000000000360       0x19 /usr/local/Cellar/pebble-toolchain/2.0/arm-cs-tools/bin/../lib/gcc/arm-none-eabi/4.7.2/thumb2/libgcc.a(_aeabi_ldivmod.o)
 .ARM.attributes
                0x0000000000000379       0x29 /usr/local/Cellar/pebble-toolchain/2.0/arm-cs-tools/bin/../lib/gcc/arm-none-eabi/4.7.2/thumb2/libgcc.a(bpabi.o)
 .ARM.attributes
                0x00000000000003a2       0x19 /usr/local/Cellar/pebble-toolchain/2.0/arm-cs-tools/bin/../lib/gcc/arm-none-eabi/4.7.2/thumb2/libgcc.a(_dvmd_tls.o)
 .ARM.attributes
                0x00000000000003bb       0x29 /usr/local/Cellar/pebble-toolchain/2.0/arm-cs-tools/bin/../lib/gcc/arm-none-eabi/4.7.2/thumb2/libgcc.a(_divdi3.o)
 .ARM.attributes
                0x00000000000003e4       0x29 /usr/local/Cellar/pebble-toolchain/2.0/arm-cs-tools/bin/../lib/gcc/arm-none-eabi/4.7.2/thumb2/libgcc.a(_udivdi3.o)
 .ARM.attributes
                0x000000000000040d       0x19 /usr/local/Cellar/pebble-toolchain/2.0/arm-cs-tools/bin/../lib/gcc/arm-none-eabi/4.7.2/thumb2/libgcc.a(_udivsi3.o)
 .ARM.attributes
                0x0000000000000426       0x29 /usr/local/Cellar/pebble-toolchain/2.0/arm-cs-tools/bin/../lib/gcc/arm-none-eabi/4.7.2/thumb2/crtend.o
 .ARM.attributes
                0x000000000000044f       0x19 /usr/local/Cellar/pebble-toolchain/2.0/arm-cs-tools/bin/../lib/gcc/arm-none-eabi/4.7.2/thumb2/crtn.o

.comment        0x0000000000000000       0x4e
 .comment       0x0000000000000000       0x4e /usr/local/Cellar/pebble-toolchain/2.0/arm-cs-tools/bin/../lib/gcc/arm-none-eabi/4.7.2/thumb2/crtbegin.o
                                         0x4f (size before relaxing)
 .comment       0x0000000000000000       0x4f src/main.c.28.o
 .comment       0x0000000000000000       0x4f src/simply/simply.c.28.o
 .comment       0x0000000000000000       0x4f src/simply/simply_accel.c.28.o
 .comment       0x0000000000000000       0x4f src/simply/simply_menu.c.28.o
 .comment       0x0000000000000000       0x4f src/simply/simply_msg.c.28.o
 .comment       0x0000000000000000       0x4f src/simply/simply_res.c.28.o
 .comment       0x0000000000000000       0x4f src/simply/simply_splash.c.28.o
 .comment       0x0000000000000000       0x4f src/simply/simply_stage.c.28.o
 .comment       0x0000000000000000       0x4f src/simply/simply_ui.c.28.o
 .comment       0x0000000000000000       0x4f src/simply/simply_voice.c.28.o
 .comment       0x0000000000000000       0x4f src/simply/simply_wakeup.c.28.o
 .comment       0x0000000000000000       0x4f src/simply/simply_window.c.28.o
 .comment       0x0000000000000000       0x4f src/simply/simply_window_stack.c.28.o
 .comment       0x0000000000000000       0x4f basalt/appinfo.auto.c.28.o
 .comment       0x0000000000000000       0x4f basalt/src/resource_ids.auto.c.28.o
 .comment       0x0000000000000000       0x4f /usr/local/Cellar/pebble-toolchain/2.0/arm-cs-tools/bin/../lib/gcc/arm-none-eabi/4.7.2/thumb2/libgcc.a(bpabi.o)
 .comment       0x0000000000000000       0x4f /usr/local/Cellar/pebble-toolchain/2.0/arm-cs-tools/bin/../lib/gcc/arm-none-eabi/4.7.2/thumb2/libgcc.a(_divdi3.o)
 .comment       0x0000000000000000       0x4f /usr/local/Cellar/pebble-toolchain/2.0/arm-cs-tools/bin/../lib/gcc/arm-none-eabi/4.7.2/thumb2/libgcc.a(_udivdi3.o)
 .comment       0x0000000000000000       0x4f /usr/local/Cellar/pebble-toolchain/2.0/arm-cs-tools/bin/../lib/gcc/arm-none-eabi/4.7.2/thumb2/crtend.o

.debug_info     0x0000000000000000    0x16d42
 .debug_info    0x0000000000000000      0x256 src/main.c.28.o
 .debug_info    0x0000000000000256      0xd15 src/simply/simply.c.28.o
 .debug_info    0x0000000000000f6b      0xd76 src/simply/simply_accel.c.28.o
 .debug_info    0x0000000000001ce1     0x4191 src/simply/simply_menu.c.28.o
 .debug_info    0x0000000000005e72     0x24d0 src/simply/simply_msg.c.28.o
 .debug_info    0x0000000000008342     0x13d4 src/simply/simply_res.c.28.o
 .debug_info    0x0000000000009716      0x8b5 src/simply/simply_splash.c.28.o
 .debug_info    0x0000000000009fcb     0x4631 src/simply/simply_stage.c.28.o
 .debug_info    0x000000000000e5fc     0x26f5 src/simply/simply_ui.c.28.o
 .debug_info    0x0000000000010cf1      0xaba src/simply/simply_voice.c.28.o
 .debug_info    0x00000000000117ab      0xba1 src/simply/simply_wakeup.c.28.o
 .debug_info    0x000000000001234c     0x252a src/simply/simply_window.c.28.o
 .debug_info    0x0000000000014876     0x104a src/simply/simply_window_stack.c.28.o
 .debug_info    0x00000000000158c0      0x2e6 basalt/appinfo.auto.c.28.o
 .debug_info    0x0000000000015ba6      0x123 basalt/src/resource_ids.auto.c.28.o
 .debug_info    0x0000000000015cc9       0xb4 /usr/local/Cellar/pebble-toolchain/2.0/arm-cs-tools/bin/../lib/gcc/arm-none-eabi/4.7.2/thumb2/libgcc.a(_aeabi_ldivmod.o)
 .debug_info    0x0000000000015d7d      0x174 /usr/local/Cellar/pebble-toolchain/2.0/arm-cs-tools/bin/../lib/gcc/arm-none-eabi/4.7.2/thumb2/libgcc.a(bpabi.o)
 .debug_info    0x0000000000015ef1       0xb8 /usr/local/Cellar/pebble-toolchain/2.0/arm-cs-tools/bin/../lib/gcc/arm-none-eabi/4.7.2/thumb2/libgcc.a(_dvmd_tls.o)
 .debug_info    0x0000000000015fa9      0x68f /usr/local/Cellar/pebble-toolchain/2.0/arm-cs-tools/bin/../lib/gcc/arm-none-eabi/4.7.2/thumb2/libgcc.a(_divdi3.o)
 .debug_info    0x0000000000016638      0x652 /usr/local/Cellar/pebble-toolchain/2.0/arm-cs-tools/bin/../lib/gcc/arm-none-eabi/4.7.2/thumb2/libgcc.a(_udivdi3.o)
 .debug_info    0x0000000000016c8a       0xb8 /usr/local/Cellar/pebble-toolchain/2.0/arm-cs-tools/bin/../lib/gcc/arm-none-eabi/4.7.2/thumb2/libgcc.a(_udivsi3.o)

.debug_abbrev   0x0000000000000000     0x3778
 .debug_abbrev  0x0000000000000000      0x14d src/main.c.28.o
 .debug_abbrev  0x000000000000014d      0x28b src/simply/simply.c.28.o
 .debug_abbrev  0x00000000000003d8      0x354 src/simply/simply_accel.c.28.o
 .debug_abbrev  0x000000000000072c      0x5e0 src/simply/simply_menu.c.28.o
 .debug_abbrev  0x0000000000000d0c      0x58d src/simply/simply_msg.c.28.o
 .debug_abbrev  0x0000000000001299      0x449 src/simply/simply_res.c.28.o
 .debug_abbrev  0x00000000000016e2      0x2b4 src/simply/simply_splash.c.28.o
 .debug_abbrev  0x0000000000001996      0x5a9 src/simply/simply_stage.c.28.o
 .debug_abbrev  0x0000000000001f3f      0x523 src/simply/simply_ui.c.28.o
 .debug_abbrev  0x0000000000002462      0x2e9 src/simply/simply_voice.c.28.o
 .debug_abbrev  0x000000000000274b      0x30b src/simply/simply_wakeup.c.28.o
 .debug_abbrev  0x0000000000002a56      0x4e5 src/simply/simply_window.c.28.o
 .debug_abbrev  0x0000000000002f3b      0x3e2 src/simply/simply_window_stack.c.28.o
 .debug_abbrev  0x000000000000331d       0x88 basalt/appinfo.auto.c.28.o
 .debug_abbrev  0x00000000000033a5       0x44 basalt/src/resource_ids.auto.c.28.o
 .debug_abbrev  0x00000000000033e9       0x14 /usr/local/Cellar/pebble-toolchain/2.0/arm-cs-tools/bin/../lib/gcc/arm-none-eabi/4.7.2/thumb2/libgcc.a(_aeabi_ldivmod.o)
 .debug_abbrev  0x00000000000033fd       0xb7 /usr/local/Cellar/pebble-toolchain/2.0/arm-cs-tools/bin/../lib/gcc/arm-none-eabi/4.7.2/thumb2/libgcc.a(bpabi.o)
 .debug_abbrev  0x00000000000034b4       0x14 /usr/local/Cellar/pebble-toolchain/2.0/arm-cs-tools/bin/../lib/gcc/arm-none-eabi/4.7.2/thumb2/libgcc.a(_dvmd_tls.o)
 .debug_abbrev  0x00000000000034c8      0x151 /usr/local/Cellar/pebble-toolchain/2.0/arm-cs-tools/bin/../lib/gcc/arm-none-eabi/4.7.2/thumb2/libgcc.a(_divdi3.o)
 .debug_abbrev  0x0000000000003619      0x14b /usr/local/Cellar/pebble-toolchain/2.0/arm-cs-tools/bin/../lib/gcc/arm-none-eabi/4.7.2/thumb2/libgcc.a(_udivdi3.o)
 .debug_abbrev  0x0000000000003764       0x14 /usr/local/Cellar/pebble-toolchain/2.0/arm-cs-tools/bin/../lib/gcc/arm-none-eabi/4.7.2/thumb2/libgcc.a(_udivsi3.o)

.debug_loc      0x0000000000000000     0xa11a
 .debug_loc     0x0000000000000000       0x3e src/main.c.28.o
 .debug_loc     0x000000000000003e       0x7c src/simply/simply.c.28.o
 .debug_loc     0x00000000000000ba      0x4dc src/simply/simply_accel.c.28.o
 .debug_loc     0x0000000000000596     0x1dc1 src/simply/simply_menu.c.28.o
 .debug_loc     0x0000000000002357      0xbc5 src/simply/simply_msg.c.28.o
 .debug_loc     0x0000000000002f1c      0xccb src/simply/simply_res.c.28.o
 .debug_loc     0x0000000000003be7      0x1ec src/simply/simply_splash.c.28.o
 .debug_loc     0x0000000000003dd3     0x1796 src/simply/simply_stage.c.28.o
 .debug_loc     0x0000000000005569     0x115a src/simply/simply_ui.c.28.o
 .debug_loc     0x00000000000066c3      0x3a4 src/simply/simply_voice.c.28.o
 .debug_loc     0x0000000000006a67      0x340 src/simply/simply_wakeup.c.28.o
 .debug_loc     0x0000000000006da7      0xdc6 src/simply/simply_window.c.28.o
 .debug_loc     0x0000000000007b6d      0x6aa src/simply/simply_window_stack.c.28.o
 .debug_loc     0x0000000000008217       0xe0 /usr/local/Cellar/pebble-toolchain/2.0/arm-cs-tools/bin/../lib/gcc/arm-none-eabi/4.7.2/thumb2/libgcc.a(bpabi.o)
 .debug_loc     0x00000000000082f7      0xebd /usr/local/Cellar/pebble-toolchain/2.0/arm-cs-tools/bin/../lib/gcc/arm-none-eabi/4.7.2/thumb2/libgcc.a(_divdi3.o)
 .debug_loc     0x00000000000091b4      0xf66 /usr/local/Cellar/pebble-toolchain/2.0/arm-cs-tools/bin/../lib/gcc/arm-none-eabi/4.7.2/thumb2/libgcc.a(_udivdi3.o)

.debug_aranges  0x0000000000000000      0x770
 .debug_aranges
                0x0000000000000000       0x20 src/main.c.28.o
 .debug_aranges
                0x0000000000000020       0x28 src/simply/simply.c.28.o
 .debug_aranges
                0x0000000000000048       0x50 src/simply/simply_accel.c.28.o
 .debug_aranges
                0x0000000000000098      0x130 src/simply/simply_menu.c.28.o
 .debug_aranges
                0x00000000000001c8       0x88 src/simply/simply_msg.c.28.o
 .debug_aranges
                0x0000000000000250       0xb0 src/simply/simply_res.c.28.o
 .debug_aranges
                0x0000000000000300       0x40 src/simply/simply_splash.c.28.o
 .debug_aranges
                0x0000000000000340       0xe0 src/simply/simply_stage.c.28.o
 .debug_aranges
                0x0000000000000420       0x98 src/simply/simply_ui.c.28.o
 .debug_aranges
                0x00000000000004b8       0x50 src/simply/simply_voice.c.28.o
 .debug_aranges
                0x0000000000000508       0x38 src/simply/simply_wakeup.c.28.o
 .debug_aranges
                0x0000000000000540       0xd0 src/simply/simply_window.c.28.o
 .debug_aranges
                0x0000000000000610       0x70 src/simply/simply_window_stack.c.28.o
 .debug_aranges
                0x0000000000000680       0x18 basalt/appinfo.auto.c.28.o
 .debug_aranges
                0x0000000000000698       0x18 basalt/src/resource_ids.auto.c.28.o
 .debug_aranges
                0x00000000000006b0       0x20 /usr/local/Cellar/pebble-toolchain/2.0/arm-cs-tools/bin/../lib/gcc/arm-none-eabi/4.7.2/thumb2/libgcc.a(_aeabi_ldivmod.o)
 .debug_aranges
                0x00000000000006d0       0x20 /usr/local/Cellar/pebble-toolchain/2.0/arm-cs-tools/bin/../lib/gcc/arm-none-eabi/4.7.2/thumb2/libgcc.a(bpabi.o)
 .debug_aranges
                0x00000000000006f0       0x20 /usr/local/Cellar/pebble-toolchain/2.0/arm-cs-tools/bin/../lib/gcc/arm-none-eabi/4.7.2/thumb2/libgcc.a(_dvmd_tls.o)
 .debug_aranges
                0x0000000000000710       0x20 /usr/local/Cellar/pebble-toolchain/2.0/arm-cs-tools/bin/../lib/gcc/arm-none-eabi/4.7.2/thumb2/libgcc.a(_divdi3.o)
 .debug_aranges
                0x0000000000000730       0x20 /usr/local/Cellar/pebble-toolchain/2.0/arm-cs-tools/bin/../lib/gcc/arm-none-eabi/4.7.2/thumb2/libgcc.a(_udivdi3.o)
 .debug_aranges
                0x0000000000000750       0x20 /usr/local/Cellar/pebble-toolchain/2.0/arm-cs-tools/bin/../lib/gcc/arm-none-eabi/4.7.2/thumb2/libgcc.a(_udivsi3.o)

.debug_ranges   0x0000000000000000     0x1350
 .debug_ranges  0x0000000000000000       0x10 src/main.c.28.o
 .debug_ranges  0x0000000000000010       0x18 src/simply/simply.c.28.o
 .debug_ranges  0x0000000000000028       0x88 src/simply/simply_accel.c.28.o
 .debug_ranges  0x00000000000000b0      0x360 src/simply/simply_menu.c.28.o
 .debug_ranges  0x0000000000000410      0x350 src/simply/simply_msg.c.28.o
 .debug_ranges  0x0000000000000760       0xe8 src/simply/simply_res.c.28.o
 .debug_ranges  0x0000000000000848       0x30 src/simply/simply_splash.c.28.o
 .debug_ranges  0x0000000000000878      0x450 src/simply/simply_stage.c.28.o
 .debug_ranges  0x0000000000000cc8      0x210 src/simply/simply_ui.c.28.o
 .debug_ranges  0x0000000000000ed8       0x40 src/simply/simply_voice.c.28.o
 .debug_ranges  0x0000000000000f18       0x58 src/simply/simply_wakeup.c.28.o
 .debug_ranges  0x0000000000000f70      0x120 src/simply/simply_window.c.28.o
 .debug_ranges  0x0000000000001090       0xc0 src/simply/simply_window_stack.c.28.o
 .debug_ranges  0x0000000000001150      0x108 /usr/local/Cellar/pebble-toolchain/2.0/arm-cs-tools/bin/../lib/gcc/arm-none-eabi/4.7.2/thumb2/libgcc.a(_divdi3.o)
 .debug_ranges  0x0000000000001258       0xf8 /usr/local/Cellar/pebble-toolchain/2.0/arm-cs-tools/bin/../lib/gcc/arm-none-eabi/4.7.2/thumb2/libgcc.a(_udivdi3.o)

.debug_line     0x0000000000000000     0x3dd8
 .debug_line    0x0000000000000000       0xc4 src/main.c.28.o
 .debug_line    0x00000000000000c4      0x2d9 src/simply/simply.c.28.o
 .debug_line    0x000000000000039d      0x2d6 src/simply/simply_accel.c.28.o
 .debug_line    0x0000000000000673      0x91e src/simply/simply_menu.c.28.o
 .debug_line    0x0000000000000f91      0x526 src/simply/simply_msg.c.28.o
 .debug_line    0x00000000000014b7      0x4ab src/simply/simply_res.c.28.o
 .debug_line    0x0000000000001962      0x233 src/simply/simply_splash.c.28.o
 .debug_line    0x0000000000001b95      0x7cb src/simply/simply_stage.c.28.o
 .debug_line    0x0000000000002360      0x5d8 src/simply/simply_ui.c.28.o